ARM GAS  C:\Users\Chris\AppData\Local\Temp\ccDJKdE2.s 			page 1


   1              		.cpu cortex-m0
   2              		.fpu softvfp
   3              		.eabi_attribute 20, 1
   4              		.eabi_attribute 21, 1
   5              		.eabi_attribute 23, 3
   6              		.eabi_attribute 24, 1
   7              		.eabi_attribute 25, 1
   8              		.eabi_attribute 26, 1
   9              		.eabi_attribute 30, 6
  10              		.eabi_attribute 34, 0
  11              		.eabi_attribute 18, 4
  12              		.code	16
  13              		.file	"cyPm.c"
  14              		.text
  15              	.Ltext0:
  16              		.cfi_sections	.debug_frame
  17              		.section	.text.CySysPmSleep,"ax",%progbits
  18              		.align	2
  19              		.global	CySysPmSleep
  20              		.code	16
  21              		.thumb_func
  22              		.type	CySysPmSleep, %function
  23              	CySysPmSleep:
  24              	.LFB2:
  25              		.file 1 ".\\Generated_Source\\PSoC4\\cyPm.c"
   1:.\Generated_Source\PSoC4/cyPm.c **** /*******************************************************************************
   2:.\Generated_Source\PSoC4/cyPm.c **** * File Name: cyPm.c
   3:.\Generated_Source\PSoC4/cyPm.c **** * Version 4.20
   4:.\Generated_Source\PSoC4/cyPm.c **** *
   5:.\Generated_Source\PSoC4/cyPm.c **** *  Description:
   6:.\Generated_Source\PSoC4/cyPm.c **** *   Provides an API for the power management.
   7:.\Generated_Source\PSoC4/cyPm.c **** *
   8:.\Generated_Source\PSoC4/cyPm.c **** *  Note:
   9:.\Generated_Source\PSoC4/cyPm.c **** *   Documentation of the API's in this file is located in the
  10:.\Generated_Source\PSoC4/cyPm.c **** *   System Reference Guide provided with PSoC Creator.
  11:.\Generated_Source\PSoC4/cyPm.c **** *
  12:.\Generated_Source\PSoC4/cyPm.c **** ********************************************************************************
  13:.\Generated_Source\PSoC4/cyPm.c **** * Copyright 2011-2014, Cypress Semiconductor Corporation.  All rights reserved.
  14:.\Generated_Source\PSoC4/cyPm.c **** * You may use this file only in accordance with the license, terms, conditions,
  15:.\Generated_Source\PSoC4/cyPm.c **** * disclaimers, and limitations in the end user license agreement accompanying
  16:.\Generated_Source\PSoC4/cyPm.c **** * the software package with which this file was provided.
  17:.\Generated_Source\PSoC4/cyPm.c **** *******************************************************************************/
  18:.\Generated_Source\PSoC4/cyPm.c **** 
  19:.\Generated_Source\PSoC4/cyPm.c **** #include "cyPm.h"
  20:.\Generated_Source\PSoC4/cyPm.c **** #include "CyLib.h"
  21:.\Generated_Source\PSoC4/cyPm.c **** 
  22:.\Generated_Source\PSoC4/cyPm.c **** 
  23:.\Generated_Source\PSoC4/cyPm.c **** /*******************************************************************************
  24:.\Generated_Source\PSoC4/cyPm.c **** * Function Name: CySysPmSleep
  25:.\Generated_Source\PSoC4/cyPm.c **** ********************************************************************************
  26:.\Generated_Source\PSoC4/cyPm.c **** *
  27:.\Generated_Source\PSoC4/cyPm.c **** * Summary:
  28:.\Generated_Source\PSoC4/cyPm.c **** *  Puts the part into the Sleep state. This is a CPU-centric power mode.
  29:.\Generated_Source\PSoC4/cyPm.c **** *  It means that the CPU has indicated that it is in the sleep mode and
  30:.\Generated_Source\PSoC4/cyPm.c **** *  its main clock can be removed. It is identical to Active from a peripheral
  31:.\Generated_Source\PSoC4/cyPm.c **** *  point of view. Any enabled interrupts can cause wakeup from the  Sleep mode.
  32:.\Generated_Source\PSoC4/cyPm.c **** *
ARM GAS  C:\Users\Chris\AppData\Local\Temp\ccDJKdE2.s 			page 2


  33:.\Generated_Source\PSoC4/cyPm.c **** * Parameters:
  34:.\Generated_Source\PSoC4/cyPm.c **** *  None
  35:.\Generated_Source\PSoC4/cyPm.c **** *
  36:.\Generated_Source\PSoC4/cyPm.c **** * Return:
  37:.\Generated_Source\PSoC4/cyPm.c **** *  None
  38:.\Generated_Source\PSoC4/cyPm.c **** *
  39:.\Generated_Source\PSoC4/cyPm.c **** *******************************************************************************/
  40:.\Generated_Source\PSoC4/cyPm.c **** void CySysPmSleep(void)
  41:.\Generated_Source\PSoC4/cyPm.c **** {
  26              		.loc 1 41 0
  27              		.cfi_startproc
  28 0000 90B5     		push	{r4, r7, lr}
  29              		.cfi_def_cfa_offset 12
  30              		.cfi_offset 4, -12
  31              		.cfi_offset 7, -8
  32              		.cfi_offset 14, -4
  33 0002 83B0     		sub	sp, sp, #12
  34              		.cfi_def_cfa_offset 24
  35 0004 00AF     		add	r7, sp, #0
  36              		.cfi_def_cfa_register 7
  42:.\Generated_Source\PSoC4/cyPm.c ****     uint8 interruptState;
  43:.\Generated_Source\PSoC4/cyPm.c **** 
  44:.\Generated_Source\PSoC4/cyPm.c ****     interruptState = CyEnterCriticalSection();
  37              		.loc 1 44 0
  38 0006 FC1D     		add	r4, r7, #7
  39 0008 FFF7FEFF 		bl	CyEnterCriticalSection
  40 000c 031C     		mov	r3, r0
  41 000e 2370     		strb	r3, [r4]
  45:.\Generated_Source\PSoC4/cyPm.c **** 
  46:.\Generated_Source\PSoC4/cyPm.c ****     /* CM0 enters Sleep mode upon execution of WFI */
  47:.\Generated_Source\PSoC4/cyPm.c ****     CY_PM_CM0_SCR_REG &= (uint32) (~CY_PM_CM0_SCR_SLEEPDEEP);
  42              		.loc 1 47 0
  43 0010 074B     		ldr	r3, .L2
  44 0012 074A     		ldr	r2, .L2
  45 0014 1268     		ldr	r2, [r2]
  46 0016 0421     		mov	r1, #4
  47 0018 8A43     		bic	r2, r1
  48 001a 1A60     		str	r2, [r3]
  48:.\Generated_Source\PSoC4/cyPm.c **** 
  49:.\Generated_Source\PSoC4/cyPm.c ****     /* Sleep and wait for interrupt */
  50:.\Generated_Source\PSoC4/cyPm.c ****     CY_PM_WFI;
  49              		.loc 1 50 0
  50              	@ 50 ".\Generated_Source\PSoC4\cyPm.c" 1
  51 001c 30BF     		WFI 
  52              	
  53              	@ 0 "" 2
  51:.\Generated_Source\PSoC4/cyPm.c **** 
  52:.\Generated_Source\PSoC4/cyPm.c ****     CyExitCriticalSection(interruptState);
  54              		.loc 1 52 0
  55              		.code	16
  56 001e FB1D     		add	r3, r7, #7
  57 0020 1B78     		ldrb	r3, [r3]
  58 0022 181C     		mov	r0, r3
  59 0024 FFF7FEFF 		bl	CyExitCriticalSection
  53:.\Generated_Source\PSoC4/cyPm.c **** }
  60              		.loc 1 53 0
  61 0028 BD46     		mov	sp, r7
ARM GAS  C:\Users\Chris\AppData\Local\Temp\ccDJKdE2.s 			page 3


  62 002a 03B0     		add	sp, sp, #12
  63              		@ sp needed
  64 002c 90BD     		pop	{r4, r7, pc}
  65              	.L3:
  66 002e C046     		.align	2
  67              	.L2:
  68 0030 10ED00E0 		.word	-536810224
  69              		.cfi_endproc
  70              	.LFE2:
  71              		.size	CySysPmSleep, .-CySysPmSleep
  72              		.section	.text.CySysPmDeepSleep,"ax",%progbits
  73              		.align	2
  74              		.global	CySysPmDeepSleep
  75              		.code	16
  76              		.thumb_func
  77              		.type	CySysPmDeepSleep, %function
  78              	CySysPmDeepSleep:
  79              	.LFB3:
  54:.\Generated_Source\PSoC4/cyPm.c **** 
  55:.\Generated_Source\PSoC4/cyPm.c **** 
  56:.\Generated_Source\PSoC4/cyPm.c **** /*******************************************************************************
  57:.\Generated_Source\PSoC4/cyPm.c **** * Function Name: CySysPmDeepSleep
  58:.\Generated_Source\PSoC4/cyPm.c **** ********************************************************************************
  59:.\Generated_Source\PSoC4/cyPm.c **** *
  60:.\Generated_Source\PSoC4/cyPm.c **** * Summary:
  61:.\Generated_Source\PSoC4/cyPm.c **** *  Puts the part into the Deep Sleep state. If the firmware attempts to enter
  62:.\Generated_Source\PSoC4/cyPm.c **** *  this mode before the system is ready (that is, when
  63:.\Generated_Source\PSoC4/cyPm.c **** *  PWR_CONTROL.LPM_READY = 0), then the device will go into the Sleep mode
  64:.\Generated_Source\PSoC4/cyPm.c **** *  instead and automatically enter the originally intended mode when the
  65:.\Generated_Source\PSoC4/cyPm.c **** *  holdoff expires.
  66:.\Generated_Source\PSoC4/cyPm.c **** *
  67:.\Generated_Source\PSoC4/cyPm.c **** *  The wakeup occurs when an interrupt is received from a DeepSleep or
  68:.\Generated_Source\PSoC4/cyPm.c **** *  Hibernate peripheral. For more details, see a corresponding
  69:.\Generated_Source\PSoC4/cyPm.c **** *  peripheral's datasheet.
  70:.\Generated_Source\PSoC4/cyPm.c **** *
  71:.\Generated_Source\PSoC4/cyPm.c **** * Parameters:
  72:.\Generated_Source\PSoC4/cyPm.c **** *  None
  73:.\Generated_Source\PSoC4/cyPm.c **** *
  74:.\Generated_Source\PSoC4/cyPm.c **** * Return:
  75:.\Generated_Source\PSoC4/cyPm.c **** *  None
  76:.\Generated_Source\PSoC4/cyPm.c **** *
  77:.\Generated_Source\PSoC4/cyPm.c **** *******************************************************************************/
  78:.\Generated_Source\PSoC4/cyPm.c **** void CySysPmDeepSleep(void)
  79:.\Generated_Source\PSoC4/cyPm.c **** {
  80              		.loc 1 79 0
  81              		.cfi_startproc
  82 0000 80B5     		push	{r7, lr}
  83              		.cfi_def_cfa_offset 8
  84              		.cfi_offset 7, -8
  85              		.cfi_offset 14, -4
  86 0002 00AF     		add	r7, sp, #0
  87              		.cfi_def_cfa_register 7
  80:.\Generated_Source\PSoC4/cyPm.c **** //    uint8 interruptState;
  81:.\Generated_Source\PSoC4/cyPm.c **** //    #if(CY_IP_SRSSV2)
  82:.\Generated_Source\PSoC4/cyPm.c **** //        volatile uint32 clkSelectReg;
  83:.\Generated_Source\PSoC4/cyPm.c **** //    #endif /* (CY_IP_SRSSV2) */
  84:.\Generated_Source\PSoC4/cyPm.c **** //
ARM GAS  C:\Users\Chris\AppData\Local\Temp\ccDJKdE2.s 			page 4


  85:.\Generated_Source\PSoC4/cyPm.c **** //    interruptState = CyEnterCriticalSection();
  86:.\Generated_Source\PSoC4/cyPm.c **** //
  87:.\Generated_Source\PSoC4/cyPm.c **** //    #if(CY_IP_SRSSV2)
  88:.\Generated_Source\PSoC4/cyPm.c **** //        /* Device enters DeepSleep mode when CPU asserts SLEEPDEEP signal */
  89:.\Generated_Source\PSoC4/cyPm.c **** //        CY_PM_PWR_CONTROL_REG &= (uint32) (~CY_PM_PWR_CONTROL_HIBERNATE);
  90:.\Generated_Source\PSoC4/cyPm.c **** //    #endif /* (CY_IP_SRSSV2) */
  91:.\Generated_Source\PSoC4/cyPm.c **** //
  92:.\Generated_Source\PSoC4/cyPm.c **** //    #if (CY_PSOC4_4100 || CY_PSOC4_4200)
  93:.\Generated_Source\PSoC4/cyPm.c **** //        CY_PM_CPUSS_CONFIG_REG |= CY_PM_CPUSS_CONFIG_FLSH_ACC_BYPASS;
  94:.\Generated_Source\PSoC4/cyPm.c **** //    #endif /* (CY_PSOC4_4100 || CY_PSOC4_4200) */
  95:.\Generated_Source\PSoC4/cyPm.c **** //
  96:.\Generated_Source\PSoC4/cyPm.c **** //    /* Adjust delay to wait for references to settle on wakeup from Deep Sleep */
  97:.\Generated_Source\PSoC4/cyPm.c **** //    CY_PM_PWR_KEY_DELAY_REG = CY_SFLASH_DPSLP_KEY_DELAY_REG;
  98:.\Generated_Source\PSoC4/cyPm.c **** //
  99:.\Generated_Source\PSoC4/cyPm.c **** //    /* CM0 enters DeepSleep/Hibernate mode upon execution of WFI */
 100:.\Generated_Source\PSoC4/cyPm.c **** //    CY_PM_CM0_SCR_REG |= CY_PM_CM0_SCR_SLEEPDEEP;
 101:.\Generated_Source\PSoC4/cyPm.c **** //
 102:.\Generated_Source\PSoC4/cyPm.c **** //    #if(CY_IP_SRSSV2)
 103:.\Generated_Source\PSoC4/cyPm.c **** //        /* Preserve system clock configuration and
 104:.\Generated_Source\PSoC4/cyPm.c **** //        * reduce sysclk to <=12 MHz (Cypress ID #158710, #179888).
 105:.\Generated_Source\PSoC4/cyPm.c **** //        */
 106:.\Generated_Source\PSoC4/cyPm.c **** //        clkSelectReg = CY_SYS_CLK_SELECT_REG;
 107:.\Generated_Source\PSoC4/cyPm.c **** //        CySysClkWriteSysclkDiv(CY_SYS_CLK_SYSCLK_DIV4);
 108:.\Generated_Source\PSoC4/cyPm.c **** //    #endif /* (CY_IP_SRSSV2) */
 109:.\Generated_Source\PSoC4/cyPm.c **** //
 110:.\Generated_Source\PSoC4/cyPm.c **** //    /* Sleep and wait for interrupt */
 111:.\Generated_Source\PSoC4/cyPm.c **** //    CY_PM_WFI;
 112:.\Generated_Source\PSoC4/cyPm.c **** //
 113:.\Generated_Source\PSoC4/cyPm.c **** //    #if(CY_IP_SRSSV2)
 114:.\Generated_Source\PSoC4/cyPm.c **** //        /* Restore system clock configuration */
 115:.\Generated_Source\PSoC4/cyPm.c **** //        CY_SYS_CLK_SELECT_REG = clkSelectReg;
 116:.\Generated_Source\PSoC4/cyPm.c **** //    #endif /* (CY_IP_SRSSV2) */
 117:.\Generated_Source\PSoC4/cyPm.c **** //
 118:.\Generated_Source\PSoC4/cyPm.c **** //    #if (CY_PSOC4_4100 || CY_PSOC4_4200)
 119:.\Generated_Source\PSoC4/cyPm.c **** //        CY_PM_CPUSS_CONFIG_REG &= (uint32) (~CY_PM_CPUSS_CONFIG_FLSH_ACC_BYPASS);
 120:.\Generated_Source\PSoC4/cyPm.c **** //    #endif /* (CY_PSOC4_4100 || CY_PSOC4_4200) */
 121:.\Generated_Source\PSoC4/cyPm.c **** //
 122:.\Generated_Source\PSoC4/cyPm.c **** //    CyExitCriticalSection(interruptState);
 123:.\Generated_Source\PSoC4/cyPm.c **** }
  88              		.loc 1 123 0
  89 0004 BD46     		mov	sp, r7
  90              		@ sp needed
  91 0006 80BD     		pop	{r7, pc}
  92              		.cfi_endproc
  93              	.LFE3:
  94              		.size	CySysPmDeepSleep, .-CySysPmDeepSleep
  95              		.section	.text.CySysPmHibernate,"ax",%progbits
  96              		.align	2
  97              		.global	CySysPmHibernate
  98              		.code	16
  99              		.thumb_func
 100              		.type	CySysPmHibernate, %function
 101              	CySysPmHibernate:
 102              	.LFB4:
 124:.\Generated_Source\PSoC4/cyPm.c **** 
 125:.\Generated_Source\PSoC4/cyPm.c **** 
 126:.\Generated_Source\PSoC4/cyPm.c **** #if(CY_IP_SRSSV2)
ARM GAS  C:\Users\Chris\AppData\Local\Temp\ccDJKdE2.s 			page 5


 127:.\Generated_Source\PSoC4/cyPm.c **** 
 128:.\Generated_Source\PSoC4/cyPm.c ****     /*******************************************************************************
 129:.\Generated_Source\PSoC4/cyPm.c ****     * Function Name: CySysPmHibernate
 130:.\Generated_Source\PSoC4/cyPm.c ****     ********************************************************************************
 131:.\Generated_Source\PSoC4/cyPm.c ****     *
 132:.\Generated_Source\PSoC4/cyPm.c ****     * Summary:
 133:.\Generated_Source\PSoC4/cyPm.c ****     *  Puts the part into the Hibernate state. Only SRAM and UDBs are retained;
 134:.\Generated_Source\PSoC4/cyPm.c ****     *  most internal supplies are off. Wakeup is possible from a pin or a hibernate
 135:.\Generated_Source\PSoC4/cyPm.c ****     *  comparator only.
 136:.\Generated_Source\PSoC4/cyPm.c ****     *
 137:.\Generated_Source\PSoC4/cyPm.c ****     *  It is expected that the firmware has already frozen the IO-Cells using
 138:.\Generated_Source\PSoC4/cyPm.c ****     *  CySysPmFreezeIo() function before the call to this function. If this is
 139:.\Generated_Source\PSoC4/cyPm.c ****     *  omitted, the IO-cells will be frozen in the same way as they are
 140:.\Generated_Source\PSoC4/cyPm.c ****     *  in the Active to Deep Sleep transition, but will lose their state on wake up
 141:.\Generated_Source\PSoC4/cyPm.c ****     *  (because of the reset occurring at that time).
 142:.\Generated_Source\PSoC4/cyPm.c ****     *
 143:.\Generated_Source\PSoC4/cyPm.c ****     *  Because all the CPU state is lost, the CPU will start up at the reset vector.
 144:.\Generated_Source\PSoC4/cyPm.c ****     *  To save the firmware state through the Hibernate low power mode, a
 145:.\Generated_Source\PSoC4/cyPm.c ****     *  corresponding variable should be defined with CY_NOINIT attribute. It
 146:.\Generated_Source\PSoC4/cyPm.c ****     *  prevents data from being initialized to zero on startup. The interrupt
 147:.\Generated_Source\PSoC4/cyPm.c ****     *  cause of the hibernate peripheral is retained, such that it can be either
 148:.\Generated_Source\PSoC4/cyPm.c ****     *  read by the firmware or cause an interrupt after the firmware has booted and
 149:.\Generated_Source\PSoC4/cyPm.c ****     *  enabled the corresponding interrupt. To distinguish the wakeup from
 150:.\Generated_Source\PSoC4/cyPm.c ****     *  the Hibernate mode and the general Reset event, the CySysPmGetResetReason()
 151:.\Generated_Source\PSoC4/cyPm.c ****     *  function could be used.
 152:.\Generated_Source\PSoC4/cyPm.c ****     *
 153:.\Generated_Source\PSoC4/cyPm.c ****     * Parameters:
 154:.\Generated_Source\PSoC4/cyPm.c ****     *  None
 155:.\Generated_Source\PSoC4/cyPm.c ****     *
 156:.\Generated_Source\PSoC4/cyPm.c ****     * Return:
 157:.\Generated_Source\PSoC4/cyPm.c ****     *  None
 158:.\Generated_Source\PSoC4/cyPm.c ****     *
 159:.\Generated_Source\PSoC4/cyPm.c ****     *******************************************************************************/
 160:.\Generated_Source\PSoC4/cyPm.c ****     void CySysPmHibernate(void)
 161:.\Generated_Source\PSoC4/cyPm.c ****     {
 103              		.loc 1 161 0
 104              		.cfi_startproc
 105 0000 90B5     		push	{r4, r7, lr}
 106              		.cfi_def_cfa_offset 12
 107              		.cfi_offset 4, -12
 108              		.cfi_offset 7, -8
 109              		.cfi_offset 14, -4
 110 0002 83B0     		sub	sp, sp, #12
 111              		.cfi_def_cfa_offset 24
 112 0004 00AF     		add	r7, sp, #0
 113              		.cfi_def_cfa_register 7
 162:.\Generated_Source\PSoC4/cyPm.c ****         uint8 interruptState;
 163:.\Generated_Source\PSoC4/cyPm.c **** 
 164:.\Generated_Source\PSoC4/cyPm.c ****         interruptState = CyEnterCriticalSection();
 114              		.loc 1 164 0
 115 0006 FC1D     		add	r4, r7, #7
 116 0008 FFF7FEFF 		bl	CyEnterCriticalSection
 117 000c 031C     		mov	r3, r0
 118 000e 2370     		strb	r3, [r4]
 165:.\Generated_Source\PSoC4/cyPm.c **** 
 166:.\Generated_Source\PSoC4/cyPm.c ****         /* Device enters Hibernate mode when CPU asserts SLEEPDEEP signal */
 167:.\Generated_Source\PSoC4/cyPm.c ****         CY_PM_PWR_CONTROL_REG |= CY_PM_PWR_CONTROL_HIBERNATE;
ARM GAS  C:\Users\Chris\AppData\Local\Temp\ccDJKdE2.s 			page 6


 119              		.loc 1 167 0
 120 0010 114B     		ldr	r3, .L6
 121 0012 114A     		ldr	r2, .L6
 122 0014 1268     		ldr	r2, [r2]
 123 0016 8021     		mov	r1, #128
 124 0018 0906     		lsl	r1, r1, #24
 125 001a 0A43     		orr	r2, r1
 126 001c 1A60     		str	r2, [r3]
 168:.\Generated_Source\PSoC4/cyPm.c **** 
 169:.\Generated_Source\PSoC4/cyPm.c ****         /* Adjust delay to wait for references to settle on wakeup from hibernate */
 170:.\Generated_Source\PSoC4/cyPm.c ****         CY_PM_PWR_KEY_DELAY_REG = CY_SFLASH_HIB_KEY_DELAY_REG;
 127              		.loc 1 170 0
 128 001e 0F4B     		ldr	r3, .L6+4
 129 0020 0F4A     		ldr	r2, .L6+8
 130 0022 1288     		ldrh	r2, [r2]
 131 0024 92B2     		uxth	r2, r2
 132 0026 1A60     		str	r2, [r3]
 171:.\Generated_Source\PSoC4/cyPm.c **** 
 172:.\Generated_Source\PSoC4/cyPm.c ****         /* CM0 enters DeepSleep/Hibernate mode upon execution of WFI */
 173:.\Generated_Source\PSoC4/cyPm.c ****         CY_PM_CM0_SCR_REG |= CY_PM_CM0_SCR_SLEEPDEEP;
 133              		.loc 1 173 0
 134 0028 0E4B     		ldr	r3, .L6+12
 135 002a 0E4A     		ldr	r2, .L6+12
 136 002c 1268     		ldr	r2, [r2]
 137 002e 0421     		mov	r1, #4
 138 0030 0A43     		orr	r2, r1
 139 0032 1A60     		str	r2, [r3]
 174:.\Generated_Source\PSoC4/cyPm.c **** 
 175:.\Generated_Source\PSoC4/cyPm.c ****         /* Save token that will retain through a STOP/WAKEUP sequence
 176:.\Generated_Source\PSoC4/cyPm.c ****          * thus could be used by CySysPmGetResetReason() to differentiate
 177:.\Generated_Source\PSoC4/cyPm.c ****          * WAKEUP from a general RESET event.
 178:.\Generated_Source\PSoC4/cyPm.c ****          */
 179:.\Generated_Source\PSoC4/cyPm.c ****         CY_PM_PWR_STOP_REG = (CY_PM_PWR_STOP_REG & (uint32)(~CY_PM_PWR_STOP_TOKEN_MASK)) | CY_PM_PW
 140              		.loc 1 179 0
 141 0034 0C4B     		ldr	r3, .L6+16
 142 0036 0C4A     		ldr	r2, .L6+16
 143 0038 1268     		ldr	r2, [r2]
 144 003a FF21     		mov	r1, #255
 145 003c 8A43     		bic	r2, r1
 146 003e F121     		mov	r1, #241
 147 0040 0A43     		orr	r2, r1
 148 0042 1A60     		str	r2, [r3]
 180:.\Generated_Source\PSoC4/cyPm.c **** 
 181:.\Generated_Source\PSoC4/cyPm.c ****         /* Sleep and wait for interrupt. Wakeup from Hibernate is performed
 182:.\Generated_Source\PSoC4/cyPm.c ****          * through RESET state, causing a normal Boot procedure to occur.
 183:.\Generated_Source\PSoC4/cyPm.c ****          * The WFI instruction doesn't put the core to sleep if its wake condition
 184:.\Generated_Source\PSoC4/cyPm.c ****          * is true when the instruction is executed.
 185:.\Generated_Source\PSoC4/cyPm.c ****          */
 186:.\Generated_Source\PSoC4/cyPm.c ****         CY_PM_WFI;
 149              		.loc 1 186 0
 150              	@ 186 ".\Generated_Source\PSoC4\cyPm.c" 1
 151 0044 30BF     		WFI 
 152              	
 153              	@ 0 "" 2
 187:.\Generated_Source\PSoC4/cyPm.c **** 
 188:.\Generated_Source\PSoC4/cyPm.c ****         CyExitCriticalSection(interruptState);
 154              		.loc 1 188 0
ARM GAS  C:\Users\Chris\AppData\Local\Temp\ccDJKdE2.s 			page 7


 155              		.code	16
 156 0046 FB1D     		add	r3, r7, #7
 157 0048 1B78     		ldrb	r3, [r3]
 158 004a 181C     		mov	r0, r3
 159 004c FFF7FEFF 		bl	CyExitCriticalSection
 189:.\Generated_Source\PSoC4/cyPm.c ****     }
 160              		.loc 1 189 0
 161 0050 BD46     		mov	sp, r7
 162 0052 03B0     		add	sp, sp, #12
 163              		@ sp needed
 164 0054 90BD     		pop	{r4, r7, pc}
 165              	.L7:
 166 0056 C046     		.align	2
 167              	.L6:
 168 0058 00000B40 		.word	1074462720
 169 005c 0C000B40 		.word	1074462732
 170 0060 50F1FF0F 		.word	268431696
 171 0064 10ED00E0 		.word	-536810224
 172 0068 2C000B40 		.word	1074462764
 173              		.cfi_endproc
 174              	.LFE4:
 175              		.size	CySysPmHibernate, .-CySysPmHibernate
 176              		.section	.text.CySysPmStop,"ax",%progbits
 177              		.align	2
 178              		.global	CySysPmStop
 179              		.code	16
 180              		.thumb_func
 181              		.type	CySysPmStop, %function
 182              	CySysPmStop:
 183              	.LFB5:
 190:.\Generated_Source\PSoC4/cyPm.c **** 
 191:.\Generated_Source\PSoC4/cyPm.c **** 
 192:.\Generated_Source\PSoC4/cyPm.c ****     /*******************************************************************************
 193:.\Generated_Source\PSoC4/cyPm.c ****     * Function Name: CySysPmStop
 194:.\Generated_Source\PSoC4/cyPm.c ****     ********************************************************************************
 195:.\Generated_Source\PSoC4/cyPm.c ****     *
 196:.\Generated_Source\PSoC4/cyPm.c ****     * Summary:
 197:.\Generated_Source\PSoC4/cyPm.c ****     *  Puts the part into the Stop state. All internal supplies are off;
 198:.\Generated_Source\PSoC4/cyPm.c ****     *  no state is retained.
 199:.\Generated_Source\PSoC4/cyPm.c ****     *
 200:.\Generated_Source\PSoC4/cyPm.c ****     *  Wakeup from Stop is performed by toggling the wakeup pin, causing
 201:.\Generated_Source\PSoC4/cyPm.c ****     *  a normal boot procedure to occur. To configure the wakeup pin,
 202:.\Generated_Source\PSoC4/cyPm.c ****     *  the Digital Input Pin component should be placed on the schematic,
 203:.\Generated_Source\PSoC4/cyPm.c ****     *  assigned to the wakeup pin, and resistively pulled up or down to the inverse
 204:.\Generated_Source\PSoC4/cyPm.c ****     *  state of the wakeup polarity. To distinguish the wakeup from the Stop mode
 205:.\Generated_Source\PSoC4/cyPm.c ****     *  and the general Reset event, CySysPmGetResetReason() function could be used.
 206:.\Generated_Source\PSoC4/cyPm.c ****     *  The wakeup pin is active low by default. The wakeup pin polarity
 207:.\Generated_Source\PSoC4/cyPm.c ****     *  could be changed with the CySysPmSetWakeupPolarity() function.
 208:.\Generated_Source\PSoC4/cyPm.c ****     *
 209:.\Generated_Source\PSoC4/cyPm.c ****     *  This function freezes IO cells implicitly. It is not possible to enter
 210:.\Generated_Source\PSoC4/cyPm.c ****     *  the STOP mode before freezing the IO cells. The IO cells remain frozen after
 211:.\Generated_Source\PSoC4/cyPm.c ****     *  awake from the Stop mode until the firmware unfreezes them after booting
 212:.\Generated_Source\PSoC4/cyPm.c ****     *  explicitly with CySysPmUnfreezeIo() function call.
 213:.\Generated_Source\PSoC4/cyPm.c ****     *
 214:.\Generated_Source\PSoC4/cyPm.c ****     * Parameters:
 215:.\Generated_Source\PSoC4/cyPm.c ****     *  None
 216:.\Generated_Source\PSoC4/cyPm.c ****     *
ARM GAS  C:\Users\Chris\AppData\Local\Temp\ccDJKdE2.s 			page 8


 217:.\Generated_Source\PSoC4/cyPm.c ****     * Return:
 218:.\Generated_Source\PSoC4/cyPm.c ****     *  None
 219:.\Generated_Source\PSoC4/cyPm.c ****     *
 220:.\Generated_Source\PSoC4/cyPm.c ****     *******************************************************************************/
 221:.\Generated_Source\PSoC4/cyPm.c ****     void CySysPmStop(void)
 222:.\Generated_Source\PSoC4/cyPm.c ****     {
 184              		.loc 1 222 0
 185              		.cfi_startproc
 186 0000 80B5     		push	{r7, lr}
 187              		.cfi_def_cfa_offset 8
 188              		.cfi_offset 7, -8
 189              		.cfi_offset 14, -4
 190 0002 00AF     		add	r7, sp, #0
 191              		.cfi_def_cfa_register 7
 223:.\Generated_Source\PSoC4/cyPm.c ****         (void) CyEnterCriticalSection();
 192              		.loc 1 223 0
 193 0004 FFF7FEFF 		bl	CyEnterCriticalSection
 224:.\Generated_Source\PSoC4/cyPm.c **** 
 225:.\Generated_Source\PSoC4/cyPm.c ****         /* Update token to indicate Stop mode transition. Preserve only polarity. */
 226:.\Generated_Source\PSoC4/cyPm.c ****         CY_PM_PWR_STOP_REG = (CY_PM_PWR_STOP_REG & CY_PM_PWR_STOP_POLARITY) | CY_PM_PWR_STOP_TOKEN_
 194              		.loc 1 226 0
 195 0008 0B4B     		ldr	r3, .L9
 196 000a 0B4A     		ldr	r2, .L9
 197 000c 1168     		ldr	r1, [r2]
 198 000e 8022     		mov	r2, #128
 199 0010 5202     		lsl	r2, r2, #9
 200 0012 0A40     		and	r2, r1
 201 0014 F221     		mov	r1, #242
 202 0016 0A43     		orr	r2, r1
 203 0018 1A60     		str	r2, [r3]
 227:.\Generated_Source\PSoC4/cyPm.c **** 
 228:.\Generated_Source\PSoC4/cyPm.c ****         /* Freeze IO-Cells to save IO-Cell state */
 229:.\Generated_Source\PSoC4/cyPm.c ****         CySysPmFreezeIo();
 204              		.loc 1 229 0
 205 001a FFF7FEFF 		bl	CySysPmFreezeIo
 230:.\Generated_Source\PSoC4/cyPm.c **** 
 231:.\Generated_Source\PSoC4/cyPm.c ****         /* Initiates transition to Stop state */
 232:.\Generated_Source\PSoC4/cyPm.c ****         CY_PM_PWR_STOP_REG = CY_PM_PWR_STOP_REG | CY_PM_PWR_STOP_STOP;
 206              		.loc 1 232 0
 207 001e 064B     		ldr	r3, .L9
 208 0020 054A     		ldr	r2, .L9
 209 0022 1268     		ldr	r2, [r2]
 210 0024 8021     		mov	r1, #128
 211 0026 0906     		lsl	r1, r1, #24
 212 0028 0A43     		orr	r2, r1
 213 002a 1A60     		str	r2, [r3]
 233:.\Generated_Source\PSoC4/cyPm.c **** 
 234:.\Generated_Source\PSoC4/cyPm.c ****         /* Depending on the clock frequency and internal timing delays,
 235:.\Generated_Source\PSoC4/cyPm.c ****          * the final AHB transaction may or may not complete. To guard against
 236:.\Generated_Source\PSoC4/cyPm.c ****          * accidentally executing an unintended instruction, it is recommended
 237:.\Generated_Source\PSoC4/cyPm.c ****          * to add 2 NOP cycles after the final write to the STOP register.
 238:.\Generated_Source\PSoC4/cyPm.c ****          */
 239:.\Generated_Source\PSoC4/cyPm.c ****         CY_NOP;
 214              		.loc 1 239 0
 215              	@ 239 ".\Generated_Source\PSoC4\cyPm.c" 1
 216 002c C046     		NOP
 217              	
ARM GAS  C:\Users\Chris\AppData\Local\Temp\ccDJKdE2.s 			page 9


 218              	@ 0 "" 2
 240:.\Generated_Source\PSoC4/cyPm.c ****         CY_NOP;
 219              		.loc 1 240 0
 220              	@ 240 ".\Generated_Source\PSoC4\cyPm.c" 1
 221 002e C046     		NOP
 222              	
 223              	@ 0 "" 2
 241:.\Generated_Source\PSoC4/cyPm.c **** 
 242:.\Generated_Source\PSoC4/cyPm.c ****         /* Should never get to this WFI instruction */
 243:.\Generated_Source\PSoC4/cyPm.c ****         CY_PM_WFI;
 224              		.loc 1 243 0
 225              	@ 243 ".\Generated_Source\PSoC4\cyPm.c" 1
 226 0030 30BF     		WFI 
 227              	
 228              	@ 0 "" 2
 244:.\Generated_Source\PSoC4/cyPm.c **** 
 245:.\Generated_Source\PSoC4/cyPm.c ****         /* Wakeup from Stop is performed by toggling of Wakeup pin,
 246:.\Generated_Source\PSoC4/cyPm.c ****          * causing a normal Boot procedure to occur. No need to exit
 247:.\Generated_Source\PSoC4/cyPm.c ****          * from the critical section.
 248:.\Generated_Source\PSoC4/cyPm.c ****          */
 249:.\Generated_Source\PSoC4/cyPm.c ****     }
 229              		.loc 1 249 0
 230              		.code	16
 231 0032 BD46     		mov	sp, r7
 232              		@ sp needed
 233 0034 80BD     		pop	{r7, pc}
 234              	.L10:
 235 0036 C046     		.align	2
 236              	.L9:
 237 0038 2C000B40 		.word	1074462764
 238              		.cfi_endproc
 239              	.LFE5:
 240              		.size	CySysPmStop, .-CySysPmStop
 241              		.section	.text.CySysPmSetWakeupPolarity,"ax",%progbits
 242              		.align	2
 243              		.global	CySysPmSetWakeupPolarity
 244              		.code	16
 245              		.thumb_func
 246              		.type	CySysPmSetWakeupPolarity, %function
 247              	CySysPmSetWakeupPolarity:
 248              	.LFB6:
 250:.\Generated_Source\PSoC4/cyPm.c **** 
 251:.\Generated_Source\PSoC4/cyPm.c **** 
 252:.\Generated_Source\PSoC4/cyPm.c ****     /*******************************************************************************
 253:.\Generated_Source\PSoC4/cyPm.c ****     * Function Name: CySysPmSetWakeupPolarity
 254:.\Generated_Source\PSoC4/cyPm.c ****     ********************************************************************************
 255:.\Generated_Source\PSoC4/cyPm.c ****     *
 256:.\Generated_Source\PSoC4/cyPm.c ****     * Summary:
 257:.\Generated_Source\PSoC4/cyPm.c ****     *  Wake up from the stop mode is performed by toggling the wakeup pin,
 258:.\Generated_Source\PSoC4/cyPm.c ****     *  causing a normal boot procedure to occur. This function assigns
 259:.\Generated_Source\PSoC4/cyPm.c ****     *  the wakeup pin active level. Setting the wakeup pin to this level will cause
 260:.\Generated_Source\PSoC4/cyPm.c ****     *  the wakeup from stop mode. The wakeup pin is active low by default.
 261:.\Generated_Source\PSoC4/cyPm.c ****     *
 262:.\Generated_Source\PSoC4/cyPm.c ****     * Parameters:
 263:.\Generated_Source\PSoC4/cyPm.c ****     *  polarity: Wakeup pin active level:
 264:.\Generated_Source\PSoC4/cyPm.c ****     *   Value    Define                          Level
 265:.\Generated_Source\PSoC4/cyPm.c ****     *    0        CY_PM_STOP_WAKEUP_ACTIVE_LOW    Logical zero will wakeup the chip
ARM GAS  C:\Users\Chris\AppData\Local\Temp\ccDJKdE2.s 			page 10


 266:.\Generated_Source\PSoC4/cyPm.c ****     *    1        CY_PM_STOP_WAKEUP_ACTIVE_HIGH   Logical one will wakeup the chip
 267:.\Generated_Source\PSoC4/cyPm.c ****     *
 268:.\Generated_Source\PSoC4/cyPm.c ****     * Return:
 269:.\Generated_Source\PSoC4/cyPm.c ****     *  None
 270:.\Generated_Source\PSoC4/cyPm.c ****     *
 271:.\Generated_Source\PSoC4/cyPm.c ****     *******************************************************************************/
 272:.\Generated_Source\PSoC4/cyPm.c ****     void CySysPmSetWakeupPolarity(uint32 polarity)
 273:.\Generated_Source\PSoC4/cyPm.c ****     {
 249              		.loc 1 273 0
 250              		.cfi_startproc
 251 0000 90B5     		push	{r4, r7, lr}
 252              		.cfi_def_cfa_offset 12
 253              		.cfi_offset 4, -12
 254              		.cfi_offset 7, -8
 255              		.cfi_offset 14, -4
 256 0002 85B0     		sub	sp, sp, #20
 257              		.cfi_def_cfa_offset 32
 258 0004 00AF     		add	r7, sp, #0
 259              		.cfi_def_cfa_register 7
 260 0006 7860     		str	r0, [r7, #4]
 274:.\Generated_Source\PSoC4/cyPm.c ****         uint8 interruptState;
 275:.\Generated_Source\PSoC4/cyPm.c **** 
 276:.\Generated_Source\PSoC4/cyPm.c ****         interruptState = CyEnterCriticalSection();
 261              		.loc 1 276 0
 262 0008 3C1C     		mov	r4, r7
 263 000a 0F34     		add	r4, r4, #15
 264 000c FFF7FEFF 		bl	CyEnterCriticalSection
 265 0010 031C     		mov	r3, r0
 266 0012 2370     		strb	r3, [r4]
 277:.\Generated_Source\PSoC4/cyPm.c **** 
 278:.\Generated_Source\PSoC4/cyPm.c ****         CY_PM_PWR_STOP_REG = (CY_PM_STOP_WAKEUP_ACTIVE_LOW != polarity) ?
 267              		.loc 1 278 0
 268 0014 0B4B     		ldr	r3, .L14
 279:.\Generated_Source\PSoC4/cyPm.c ****                             (CY_PM_PWR_STOP_REG | CY_PM_PWR_STOP_POLARITY) :
 269              		.loc 1 279 0
 270 0016 7A68     		ldr	r2, [r7, #4]
 271 0018 002A     		cmp	r2, #0
 272 001a 05D0     		beq	.L12
 273              		.loc 1 279 0 is_stmt 0 discriminator 1
 274 001c 094A     		ldr	r2, .L14
 275 001e 1268     		ldr	r2, [r2]
 276 0020 8021     		mov	r1, #128
 277 0022 4902     		lsl	r1, r1, #9
 278 0024 0A43     		orr	r2, r1
 279 0026 03E0     		b	.L13
 280              	.L12:
 280:.\Generated_Source\PSoC4/cyPm.c ****                             (CY_PM_PWR_STOP_REG & (uint32) (~CY_PM_PWR_STOP_POLARITY));
 281              		.loc 1 280 0 is_stmt 1 discriminator 2
 282 0028 064A     		ldr	r2, .L14
 283 002a 1168     		ldr	r1, [r2]
 279:.\Generated_Source\PSoC4/cyPm.c ****                             (CY_PM_PWR_STOP_REG | CY_PM_PWR_STOP_POLARITY) :
 284              		.loc 1 279 0 discriminator 2
 285 002c 064A     		ldr	r2, .L14+4
 286 002e 0A40     		and	r2, r1
 287              	.L13:
 278:.\Generated_Source\PSoC4/cyPm.c ****         CY_PM_PWR_STOP_REG = (CY_PM_STOP_WAKEUP_ACTIVE_LOW != polarity) ?
 288              		.loc 1 278 0
ARM GAS  C:\Users\Chris\AppData\Local\Temp\ccDJKdE2.s 			page 11


 289 0030 1A60     		str	r2, [r3]
 281:.\Generated_Source\PSoC4/cyPm.c **** 
 282:.\Generated_Source\PSoC4/cyPm.c ****         CyExitCriticalSection(interruptState);
 290              		.loc 1 282 0
 291 0032 3B1C     		mov	r3, r7
 292 0034 0F33     		add	r3, r3, #15
 293 0036 1B78     		ldrb	r3, [r3]
 294 0038 181C     		mov	r0, r3
 295 003a FFF7FEFF 		bl	CyExitCriticalSection
 283:.\Generated_Source\PSoC4/cyPm.c ****     }
 296              		.loc 1 283 0
 297 003e BD46     		mov	sp, r7
 298 0040 05B0     		add	sp, sp, #20
 299              		@ sp needed
 300 0042 90BD     		pop	{r4, r7, pc}
 301              	.L15:
 302              		.align	2
 303              	.L14:
 304 0044 2C000B40 		.word	1074462764
 305 0048 FFFFFEFF 		.word	-65537
 306              		.cfi_endproc
 307              	.LFE6:
 308              		.size	CySysPmSetWakeupPolarity, .-CySysPmSetWakeupPolarity
 309              		.section	.text.CySysPmGetResetReason,"ax",%progbits
 310              		.align	2
 311              		.global	CySysPmGetResetReason
 312              		.code	16
 313              		.thumb_func
 314              		.type	CySysPmGetResetReason, %function
 315              	CySysPmGetResetReason:
 316              	.LFB7:
 284:.\Generated_Source\PSoC4/cyPm.c **** 
 285:.\Generated_Source\PSoC4/cyPm.c **** 
 286:.\Generated_Source\PSoC4/cyPm.c ****     /*******************************************************************************
 287:.\Generated_Source\PSoC4/cyPm.c ****     * Function Name: CySysPmGetResetReason
 288:.\Generated_Source\PSoC4/cyPm.c ****     ********************************************************************************
 289:.\Generated_Source\PSoC4/cyPm.c ****     *
 290:.\Generated_Source\PSoC4/cyPm.c ****     * Summary:
 291:.\Generated_Source\PSoC4/cyPm.c ****     *  Retrieves the last reset reason - transition from OFF/XRES/STOP/HIBERNATE to
 292:.\Generated_Source\PSoC4/cyPm.c ****     *  the RESET state. Note that waking up from STOP using XRES will be perceived
 293:.\Generated_Source\PSoC4/cyPm.c ****     *  as a general RESET.
 294:.\Generated_Source\PSoC4/cyPm.c ****     *
 295:.\Generated_Source\PSoC4/cyPm.c ****     * Parameters:
 296:.\Generated_Source\PSoC4/cyPm.c ****     *  None
 297:.\Generated_Source\PSoC4/cyPm.c ****     *
 298:.\Generated_Source\PSoC4/cyPm.c ****     * Return:
 299:.\Generated_Source\PSoC4/cyPm.c ****     *  Reset reason.
 300:.\Generated_Source\PSoC4/cyPm.c ****     *  CY_PM_RESET_REASON_UNKN        - unknown
 301:.\Generated_Source\PSoC4/cyPm.c ****     *  CY_PM_RESET_REASON_XRES        - transition from OFF/XRES to RESET
 302:.\Generated_Source\PSoC4/cyPm.c ****     *  CY_PM_RESET_REASON_WAKEUP_HIB  - transition/wakeup from HIBERNATE to RESET
 303:.\Generated_Source\PSoC4/cyPm.c ****     *  CY_PM_RESET_REASON_WAKEUP_STOP - transition/wakeup from STOP to RESET
 304:.\Generated_Source\PSoC4/cyPm.c ****     *
 305:.\Generated_Source\PSoC4/cyPm.c ****     *******************************************************************************/
 306:.\Generated_Source\PSoC4/cyPm.c ****     uint32 CySysPmGetResetReason(void)
 307:.\Generated_Source\PSoC4/cyPm.c ****     {
 317              		.loc 1 307 0
 318              		.cfi_startproc
ARM GAS  C:\Users\Chris\AppData\Local\Temp\ccDJKdE2.s 			page 12


 319 0000 80B5     		push	{r7, lr}
 320              		.cfi_def_cfa_offset 8
 321              		.cfi_offset 7, -8
 322              		.cfi_offset 14, -4
 323 0002 82B0     		sub	sp, sp, #8
 324              		.cfi_def_cfa_offset 16
 325 0004 00AF     		add	r7, sp, #0
 326              		.cfi_def_cfa_register 7
 308:.\Generated_Source\PSoC4/cyPm.c ****         uint32 reason = CY_PM_RESET_REASON_UNKN;
 327              		.loc 1 308 0
 328 0006 0023     		mov	r3, #0
 329 0008 7B60     		str	r3, [r7, #4]
 309:.\Generated_Source\PSoC4/cyPm.c **** 
 310:.\Generated_Source\PSoC4/cyPm.c ****         switch(CY_PM_PWR_STOP_REG & CY_PM_PWR_STOP_TOKEN_MASK)
 330              		.loc 1 310 0
 331 000a 0C4B     		ldr	r3, .L23
 332 000c 1A68     		ldr	r2, [r3]
 333 000e FF23     		mov	r3, #255
 334 0010 1340     		and	r3, r2
 335 0012 F12B     		cmp	r3, #241
 336 0014 07D0     		beq	.L18
 337 0016 F22B     		cmp	r3, #242
 338 0018 08D0     		beq	.L19
 339 001a 002B     		cmp	r3, #0
 340 001c 00D0     		beq	.L20
 311:.\Generated_Source\PSoC4/cyPm.c ****         {
 312:.\Generated_Source\PSoC4/cyPm.c ****         /* Power up, XRES */
 313:.\Generated_Source\PSoC4/cyPm.c ****         case CY_PM_PWR_STOP_TOKEN_XRES:
 314:.\Generated_Source\PSoC4/cyPm.c ****             reason = CY_PM_RESET_REASON_XRES;
 315:.\Generated_Source\PSoC4/cyPm.c ****             break;
 316:.\Generated_Source\PSoC4/cyPm.c **** 
 317:.\Generated_Source\PSoC4/cyPm.c ****         /* Wakeup from Hibernate */
 318:.\Generated_Source\PSoC4/cyPm.c ****         case CY_PM_PWR_STOP_TOKEN_HIB:
 319:.\Generated_Source\PSoC4/cyPm.c ****             reason = CY_PM_RESET_REASON_WAKEUP_HIB;
 320:.\Generated_Source\PSoC4/cyPm.c ****             break;
 321:.\Generated_Source\PSoC4/cyPm.c **** 
 322:.\Generated_Source\PSoC4/cyPm.c ****         /* Wakeup from Stop (through WAKEUP pin assert) */
 323:.\Generated_Source\PSoC4/cyPm.c ****         case CY_PM_PWR_STOP_TOKEN_STOP:
 324:.\Generated_Source\PSoC4/cyPm.c ****             reason = CY_PM_RESET_REASON_WAKEUP_STOP;
 325:.\Generated_Source\PSoC4/cyPm.c ****             break;
 326:.\Generated_Source\PSoC4/cyPm.c **** 
 327:.\Generated_Source\PSoC4/cyPm.c ****         /* Unknown reason */
 328:.\Generated_Source\PSoC4/cyPm.c ****         default:
 329:.\Generated_Source\PSoC4/cyPm.c ****             break;
 341              		.loc 1 329 0
 342 001e 08E0     		b	.L21
 343              	.L20:
 314:.\Generated_Source\PSoC4/cyPm.c ****             reason = CY_PM_RESET_REASON_XRES;
 344              		.loc 1 314 0
 345 0020 0123     		mov	r3, #1
 346 0022 7B60     		str	r3, [r7, #4]
 315:.\Generated_Source\PSoC4/cyPm.c ****             break;
 347              		.loc 1 315 0
 348 0024 05E0     		b	.L21
 349              	.L18:
 319:.\Generated_Source\PSoC4/cyPm.c ****             reason = CY_PM_RESET_REASON_WAKEUP_HIB;
 350              		.loc 1 319 0
ARM GAS  C:\Users\Chris\AppData\Local\Temp\ccDJKdE2.s 			page 13


 351 0026 0223     		mov	r3, #2
 352 0028 7B60     		str	r3, [r7, #4]
 320:.\Generated_Source\PSoC4/cyPm.c ****             break;
 353              		.loc 1 320 0
 354 002a 02E0     		b	.L21
 355              	.L19:
 324:.\Generated_Source\PSoC4/cyPm.c ****             reason = CY_PM_RESET_REASON_WAKEUP_STOP;
 356              		.loc 1 324 0
 357 002c 0323     		mov	r3, #3
 358 002e 7B60     		str	r3, [r7, #4]
 325:.\Generated_Source\PSoC4/cyPm.c ****             break;
 359              		.loc 1 325 0
 360 0030 C046     		mov	r8, r8
 361              	.L21:
 330:.\Generated_Source\PSoC4/cyPm.c ****         }
 331:.\Generated_Source\PSoC4/cyPm.c **** 
 332:.\Generated_Source\PSoC4/cyPm.c ****         return (reason);
 362              		.loc 1 332 0
 363 0032 7B68     		ldr	r3, [r7, #4]
 333:.\Generated_Source\PSoC4/cyPm.c ****     }
 364              		.loc 1 333 0
 365 0034 181C     		mov	r0, r3
 366 0036 BD46     		mov	sp, r7
 367 0038 02B0     		add	sp, sp, #8
 368              		@ sp needed
 369 003a 80BD     		pop	{r7, pc}
 370              	.L24:
 371              		.align	2
 372              	.L23:
 373 003c 2C000B40 		.word	1074462764
 374              		.cfi_endproc
 375              	.LFE7:
 376              		.size	CySysPmGetResetReason, .-CySysPmGetResetReason
 377              		.section	.text.CySysPmFreezeIo,"ax",%progbits
 378              		.align	2
 379              		.global	CySysPmFreezeIo
 380              		.code	16
 381              		.thumb_func
 382              		.type	CySysPmFreezeIo, %function
 383              	CySysPmFreezeIo:
 384              	.LFB8:
 334:.\Generated_Source\PSoC4/cyPm.c **** 
 335:.\Generated_Source\PSoC4/cyPm.c **** 
 336:.\Generated_Source\PSoC4/cyPm.c ****     /*******************************************************************************
 337:.\Generated_Source\PSoC4/cyPm.c ****     * Function Name: CySysPmFreezeIo
 338:.\Generated_Source\PSoC4/cyPm.c ****     ********************************************************************************
 339:.\Generated_Source\PSoC4/cyPm.c ****     *
 340:.\Generated_Source\PSoC4/cyPm.c ****     * Summary:
 341:.\Generated_Source\PSoC4/cyPm.c ****     *  Freezes IO-Cells directly to save the IO-Cell state on wake up from the
 342:.\Generated_Source\PSoC4/cyPm.c ****     *  Hibernate or Stop state. It is not required to call this function before
 343:.\Generated_Source\PSoC4/cyPm.c ****     *  entering the Stop mode, since CySysPmStop() function freezes IO-Cells
 344:.\Generated_Source\PSoC4/cyPm.c ****     *  implicitly.
 345:.\Generated_Source\PSoC4/cyPm.c ****     *
 346:.\Generated_Source\PSoC4/cyPm.c ****     * Parameters:
 347:.\Generated_Source\PSoC4/cyPm.c ****     *  None
 348:.\Generated_Source\PSoC4/cyPm.c ****     *
 349:.\Generated_Source\PSoC4/cyPm.c ****     * Return:
ARM GAS  C:\Users\Chris\AppData\Local\Temp\ccDJKdE2.s 			page 14


 350:.\Generated_Source\PSoC4/cyPm.c ****     *  None
 351:.\Generated_Source\PSoC4/cyPm.c ****     *
 352:.\Generated_Source\PSoC4/cyPm.c ****     *******************************************************************************/
 353:.\Generated_Source\PSoC4/cyPm.c ****     void CySysPmFreezeIo(void)
 354:.\Generated_Source\PSoC4/cyPm.c ****     {
 385              		.loc 1 354 0
 386              		.cfi_startproc
 387 0000 90B5     		push	{r4, r7, lr}
 388              		.cfi_def_cfa_offset 12
 389              		.cfi_offset 4, -12
 390              		.cfi_offset 7, -8
 391              		.cfi_offset 14, -4
 392 0002 83B0     		sub	sp, sp, #12
 393              		.cfi_def_cfa_offset 24
 394 0004 00AF     		add	r7, sp, #0
 395              		.cfi_def_cfa_register 7
 355:.\Generated_Source\PSoC4/cyPm.c ****         uint8 interruptState;
 356:.\Generated_Source\PSoC4/cyPm.c **** 
 357:.\Generated_Source\PSoC4/cyPm.c ****         interruptState = CyEnterCriticalSection();
 396              		.loc 1 357 0
 397 0006 FC1D     		add	r4, r7, #7
 398 0008 FFF7FEFF 		bl	CyEnterCriticalSection
 399 000c 031C     		mov	r3, r0
 400 000e 2370     		strb	r3, [r4]
 358:.\Generated_Source\PSoC4/cyPm.c **** 
 359:.\Generated_Source\PSoC4/cyPm.c ****         /* Check FREEZE state to avoid recurrent IO-Cells freeze attempt,
 360:.\Generated_Source\PSoC4/cyPm.c ****          * since the second call to this function will cause accidental switch
 361:.\Generated_Source\PSoC4/cyPm.c ****          * to the STOP mode (the system will enter STOP mode immediately after
 362:.\Generated_Source\PSoC4/cyPm.c ****          * writing to STOP bit since both UNLOCK and FREEZE have been set correctly
 363:.\Generated_Source\PSoC4/cyPm.c ****          * in a previous call to this function).
 364:.\Generated_Source\PSoC4/cyPm.c ****          */
 365:.\Generated_Source\PSoC4/cyPm.c ****         if (0u == (CY_PM_PWR_STOP_REG & CY_PM_PWR_STOP_FREEZE))
 401              		.loc 1 365 0
 402 0010 0E4B     		ldr	r3, .L27
 403 0012 1A68     		ldr	r2, [r3]
 404 0014 8023     		mov	r3, #128
 405 0016 9B02     		lsl	r3, r3, #10
 406 0018 1340     		and	r3, r2
 407 001a 0FD1     		bne	.L26
 366:.\Generated_Source\PSoC4/cyPm.c ****         {
 367:.\Generated_Source\PSoC4/cyPm.c ****             /* Preserve last reset reason and disable overrides the next freeze command by peripher
 368:.\Generated_Source\PSoC4/cyPm.c ****             CY_PM_PWR_STOP_REG = CY_PM_PWR_STOP_STOP | CY_PM_PWR_STOP_FREEZE | CY_PM_PWR_STOP_UNLOC
 408              		.loc 1 368 0
 409 001c 0B4B     		ldr	r3, .L27
 369:.\Generated_Source\PSoC4/cyPm.c ****                                 (CY_PM_PWR_STOP_REG & (CY_PM_PWR_STOP_TOKEN_MASK | CY_PM_PWR_STOP_P
 410              		.loc 1 369 0
 411 001e 0B4A     		ldr	r2, .L27
 412 0020 1168     		ldr	r1, [r2]
 413 0022 0B4A     		ldr	r2, .L27+4
 414 0024 0A40     		and	r2, r1
 368:.\Generated_Source\PSoC4/cyPm.c ****             CY_PM_PWR_STOP_REG = CY_PM_PWR_STOP_STOP | CY_PM_PWR_STOP_FREEZE | CY_PM_PWR_STOP_UNLOC
 415              		.loc 1 368 0
 416 0026 0B49     		ldr	r1, .L27+8
 417 0028 0A43     		orr	r2, r1
 418 002a 1A60     		str	r2, [r3]
 370:.\Generated_Source\PSoC4/cyPm.c **** 
 371:.\Generated_Source\PSoC4/cyPm.c ****             /* If reading after writing, read this register three times to delay
ARM GAS  C:\Users\Chris\AppData\Local\Temp\ccDJKdE2.s 			page 15


 372:.\Generated_Source\PSoC4/cyPm.c ****             *  enough time for internal settling.
 373:.\Generated_Source\PSoC4/cyPm.c ****             */
 374:.\Generated_Source\PSoC4/cyPm.c ****             (void) CY_PM_PWR_STOP_REG;
 419              		.loc 1 374 0
 420 002c 074B     		ldr	r3, .L27
 421 002e 1B68     		ldr	r3, [r3]
 375:.\Generated_Source\PSoC4/cyPm.c ****             (void) CY_PM_PWR_STOP_REG;
 422              		.loc 1 375 0
 423 0030 064B     		ldr	r3, .L27
 424 0032 1B68     		ldr	r3, [r3]
 376:.\Generated_Source\PSoC4/cyPm.c **** 
 377:.\Generated_Source\PSoC4/cyPm.c ****             /* Second write causes the freeze of IO-Cells to save IO-Cell state */
 378:.\Generated_Source\PSoC4/cyPm.c ****             CY_PM_PWR_STOP_REG = CY_PM_PWR_STOP_REG;
 425              		.loc 1 378 0
 426 0034 054B     		ldr	r3, .L27
 427 0036 054A     		ldr	r2, .L27
 428 0038 1268     		ldr	r2, [r2]
 429 003a 1A60     		str	r2, [r3]
 430              	.L26:
 379:.\Generated_Source\PSoC4/cyPm.c ****         }
 380:.\Generated_Source\PSoC4/cyPm.c **** 
 381:.\Generated_Source\PSoC4/cyPm.c ****         CyExitCriticalSection(interruptState);
 431              		.loc 1 381 0
 432 003c FB1D     		add	r3, r7, #7
 433 003e 1B78     		ldrb	r3, [r3]
 434 0040 181C     		mov	r0, r3
 435 0042 FFF7FEFF 		bl	CyExitCriticalSection
 382:.\Generated_Source\PSoC4/cyPm.c ****     }
 436              		.loc 1 382 0
 437 0046 BD46     		mov	sp, r7
 438 0048 03B0     		add	sp, sp, #12
 439              		@ sp needed
 440 004a 90BD     		pop	{r4, r7, pc}
 441              	.L28:
 442              		.align	2
 443              	.L27:
 444 004c 2C000B40 		.word	1074462764
 445 0050 FF000100 		.word	65791
 446 0054 003A0280 		.word	-2147337728
 447              		.cfi_endproc
 448              	.LFE8:
 449              		.size	CySysPmFreezeIo, .-CySysPmFreezeIo
 450              		.section	.text.CySysPmUnfreezeIo,"ax",%progbits
 451              		.align	2
 452              		.global	CySysPmUnfreezeIo
 453              		.code	16
 454              		.thumb_func
 455              		.type	CySysPmUnfreezeIo, %function
 456              	CySysPmUnfreezeIo:
 457              	.LFB9:
 383:.\Generated_Source\PSoC4/cyPm.c **** 
 384:.\Generated_Source\PSoC4/cyPm.c **** 
 385:.\Generated_Source\PSoC4/cyPm.c ****     /*******************************************************************************
 386:.\Generated_Source\PSoC4/cyPm.c ****     * Function Name: CySysPmUnfreezeIo
 387:.\Generated_Source\PSoC4/cyPm.c ****     ********************************************************************************
 388:.\Generated_Source\PSoC4/cyPm.c ****     *
 389:.\Generated_Source\PSoC4/cyPm.c ****     * Summary:
ARM GAS  C:\Users\Chris\AppData\Local\Temp\ccDJKdE2.s 			page 16


 390:.\Generated_Source\PSoC4/cyPm.c ****     *  The IO-Cells remain frozen after awake from Hibernate or Stop mode until
 391:.\Generated_Source\PSoC4/cyPm.c ****     *  the firmware unfreezes them after booting. The call of this function
 392:.\Generated_Source\PSoC4/cyPm.c ****     *  unfreezes IO-Cells explicitly.
 393:.\Generated_Source\PSoC4/cyPm.c ****     *
 394:.\Generated_Source\PSoC4/cyPm.c ****     * Parameters:
 395:.\Generated_Source\PSoC4/cyPm.c ****     *  None
 396:.\Generated_Source\PSoC4/cyPm.c ****     *
 397:.\Generated_Source\PSoC4/cyPm.c ****     * Return:
 398:.\Generated_Source\PSoC4/cyPm.c ****     *  None
 399:.\Generated_Source\PSoC4/cyPm.c ****     *
 400:.\Generated_Source\PSoC4/cyPm.c ****     *******************************************************************************/
 401:.\Generated_Source\PSoC4/cyPm.c ****     void CySysPmUnfreezeIo(void)
 402:.\Generated_Source\PSoC4/cyPm.c ****     {
 458              		.loc 1 402 0
 459              		.cfi_startproc
 460 0000 90B5     		push	{r4, r7, lr}
 461              		.cfi_def_cfa_offset 12
 462              		.cfi_offset 4, -12
 463              		.cfi_offset 7, -8
 464              		.cfi_offset 14, -4
 465 0002 83B0     		sub	sp, sp, #12
 466              		.cfi_def_cfa_offset 24
 467 0004 00AF     		add	r7, sp, #0
 468              		.cfi_def_cfa_register 7
 403:.\Generated_Source\PSoC4/cyPm.c ****         uint8 interruptState;
 404:.\Generated_Source\PSoC4/cyPm.c **** 
 405:.\Generated_Source\PSoC4/cyPm.c ****         interruptState = CyEnterCriticalSection();
 469              		.loc 1 405 0
 470 0006 FC1D     		add	r4, r7, #7
 471 0008 FFF7FEFF 		bl	CyEnterCriticalSection
 472 000c 031C     		mov	r3, r0
 473 000e 2370     		strb	r3, [r4]
 406:.\Generated_Source\PSoC4/cyPm.c **** 
 407:.\Generated_Source\PSoC4/cyPm.c ****         /* Preserve last reset reason and wakeup polarity. Then, unfreeze I/O:
 408:.\Generated_Source\PSoC4/cyPm.c ****          * write PWR_STOP.FREEZE=0, .UNLOCK=0x3A, .STOP=0, .TOKEN
 409:.\Generated_Source\PSoC4/cyPm.c ****          */
 410:.\Generated_Source\PSoC4/cyPm.c ****         CY_PM_PWR_STOP_REG = CY_PM_PWR_STOP_UNLOCK |
 474              		.loc 1 410 0
 475 0010 0D4B     		ldr	r3, .L30
 411:.\Generated_Source\PSoC4/cyPm.c ****                             (CY_PM_PWR_STOP_REG & (CY_PM_PWR_STOP_TOKEN_MASK | CY_PM_PWR_STOP_POLAR
 476              		.loc 1 411 0
 477 0012 0D4A     		ldr	r2, .L30
 478 0014 1168     		ldr	r1, [r2]
 479 0016 0D4A     		ldr	r2, .L30+4
 480 0018 0A40     		and	r2, r1
 410:.\Generated_Source\PSoC4/cyPm.c ****         CY_PM_PWR_STOP_REG = CY_PM_PWR_STOP_UNLOCK |
 481              		.loc 1 410 0
 482 001a E821     		mov	r1, #232
 483 001c 8901     		lsl	r1, r1, #6
 484 001e 0A43     		orr	r2, r1
 485 0020 1A60     		str	r2, [r3]
 412:.\Generated_Source\PSoC4/cyPm.c **** 
 413:.\Generated_Source\PSoC4/cyPm.c ****         /* If reading after writing, read this register three times to delay
 414:.\Generated_Source\PSoC4/cyPm.c ****         *  enough time for internal settling.
 415:.\Generated_Source\PSoC4/cyPm.c ****         */
 416:.\Generated_Source\PSoC4/cyPm.c ****         (void) CY_PM_PWR_STOP_REG;
 486              		.loc 1 416 0
ARM GAS  C:\Users\Chris\AppData\Local\Temp\ccDJKdE2.s 			page 17


 487 0022 094B     		ldr	r3, .L30
 488 0024 1B68     		ldr	r3, [r3]
 417:.\Generated_Source\PSoC4/cyPm.c ****         (void) CY_PM_PWR_STOP_REG;
 489              		.loc 1 417 0
 490 0026 084B     		ldr	r3, .L30
 491 0028 1B68     		ldr	r3, [r3]
 418:.\Generated_Source\PSoC4/cyPm.c **** 
 419:.\Generated_Source\PSoC4/cyPm.c ****         /* Lock STOP mode: write PWR_STOP.FREEZE=0, UNLOCK=0x00, STOP=0, .TOKEN */
 420:.\Generated_Source\PSoC4/cyPm.c ****         CY_PM_PWR_STOP_REG &= (CY_PM_PWR_STOP_TOKEN_MASK | CY_PM_PWR_STOP_POLARITY);
 492              		.loc 1 420 0
 493 002a 074B     		ldr	r3, .L30
 494 002c 064A     		ldr	r2, .L30
 495 002e 1168     		ldr	r1, [r2]
 496 0030 064A     		ldr	r2, .L30+4
 497 0032 0A40     		and	r2, r1
 498 0034 1A60     		str	r2, [r3]
 421:.\Generated_Source\PSoC4/cyPm.c **** 
 422:.\Generated_Source\PSoC4/cyPm.c ****         CyExitCriticalSection(interruptState);
 499              		.loc 1 422 0
 500 0036 FB1D     		add	r3, r7, #7
 501 0038 1B78     		ldrb	r3, [r3]
 502 003a 181C     		mov	r0, r3
 503 003c FFF7FEFF 		bl	CyExitCriticalSection
 423:.\Generated_Source\PSoC4/cyPm.c ****     }
 504              		.loc 1 423 0
 505 0040 BD46     		mov	sp, r7
 506 0042 03B0     		add	sp, sp, #12
 507              		@ sp needed
 508 0044 90BD     		pop	{r4, r7, pc}
 509              	.L31:
 510 0046 C046     		.align	2
 511              	.L30:
 512 0048 2C000B40 		.word	1074462764
 513 004c FF000100 		.word	65791
 514              		.cfi_endproc
 515              	.LFE9:
 516              		.size	CySysPmUnfreezeIo, .-CySysPmUnfreezeIo
 517              		.text
 518              	.Letext0:
 519              		.file 2 ".\\Generated_Source\\PSoC4\\cytypes.h"
 520              		.section	.debug_info,"",%progbits
 521              	.Ldebug_info0:
 522 0000 D8010000 		.4byte	0x1d8
 523 0004 0400     		.2byte	0x4
 524 0006 00000000 		.4byte	.Ldebug_abbrev0
 525 000a 04       		.byte	0x4
 526 000b 01       		.uleb128 0x1
 527 000c 6E000000 		.4byte	.LASF26
 528 0010 01       		.byte	0x1
 529 0011 E3010000 		.4byte	.LASF27
 530 0015 32010000 		.4byte	.LASF28
 531 0019 00000000 		.4byte	.Ldebug_ranges0+0
 532 001d 00000000 		.4byte	0
 533 0021 00000000 		.4byte	.Ldebug_line0
 534 0025 02       		.uleb128 0x2
 535 0026 01       		.byte	0x1
 536 0027 06       		.byte	0x6
ARM GAS  C:\Users\Chris\AppData\Local\Temp\ccDJKdE2.s 			page 18


 537 0028 27020000 		.4byte	.LASF0
 538 002c 02       		.uleb128 0x2
 539 002d 01       		.byte	0x1
 540 002e 08       		.byte	0x8
 541 002f EA000000 		.4byte	.LASF1
 542 0033 02       		.uleb128 0x2
 543 0034 02       		.byte	0x2
 544 0035 05       		.byte	0x5
 545 0036 03020000 		.4byte	.LASF2
 546 003a 02       		.uleb128 0x2
 547 003b 02       		.byte	0x2
 548 003c 07       		.byte	0x7
 549 003d 44000000 		.4byte	.LASF3
 550 0041 02       		.uleb128 0x2
 551 0042 04       		.byte	0x4
 552 0043 05       		.byte	0x5
 553 0044 1E020000 		.4byte	.LASF4
 554 0048 02       		.uleb128 0x2
 555 0049 04       		.byte	0x4
 556 004a 07       		.byte	0x7
 557 004b 07010000 		.4byte	.LASF5
 558 004f 02       		.uleb128 0x2
 559 0050 08       		.byte	0x8
 560 0051 05       		.byte	0x5
 561 0052 D0010000 		.4byte	.LASF6
 562 0056 02       		.uleb128 0x2
 563 0057 08       		.byte	0x8
 564 0058 07       		.byte	0x7
 565 0059 8A010000 		.4byte	.LASF7
 566 005d 03       		.uleb128 0x3
 567 005e 04       		.byte	0x4
 568 005f 05       		.byte	0x5
 569 0060 696E7400 		.ascii	"int\000"
 570 0064 02       		.uleb128 0x2
 571 0065 04       		.byte	0x4
 572 0066 07       		.byte	0x7
 573 0067 7D010000 		.4byte	.LASF8
 574 006b 04       		.uleb128 0x4
 575 006c 19010000 		.4byte	.LASF9
 576 0070 02       		.byte	0x2
 577 0071 A1       		.byte	0xa1
 578 0072 2C000000 		.4byte	0x2c
 579 0076 04       		.uleb128 0x4
 580 0077 6F010000 		.4byte	.LASF10
 581 007b 02       		.byte	0x2
 582 007c A2       		.byte	0xa2
 583 007d 3A000000 		.4byte	0x3a
 584 0081 04       		.uleb128 0x4
 585 0082 76010000 		.4byte	.LASF11
 586 0086 02       		.byte	0x2
 587 0087 A3       		.byte	0xa3
 588 0088 48000000 		.4byte	0x48
 589 008c 02       		.uleb128 0x2
 590 008d 04       		.byte	0x4
 591 008e 04       		.byte	0x4
 592 008f 68000000 		.4byte	.LASF12
 593 0093 02       		.uleb128 0x2
ARM GAS  C:\Users\Chris\AppData\Local\Temp\ccDJKdE2.s 			page 19


 594 0094 08       		.byte	0x8
 595 0095 04       		.byte	0x4
 596 0096 2B010000 		.4byte	.LASF13
 597 009a 02       		.uleb128 0x2
 598 009b 01       		.byte	0x1
 599 009c 08       		.byte	0x8
 600 009d DE010000 		.4byte	.LASF14
 601 00a1 05       		.uleb128 0x5
 602 00a2 00000000 		.4byte	.LASF15
 603 00a6 02       		.byte	0x2
 604 00a7 4C01     		.2byte	0x14c
 605 00a9 AD000000 		.4byte	0xad
 606 00ad 06       		.uleb128 0x6
 607 00ae 76000000 		.4byte	0x76
 608 00b2 05       		.uleb128 0x5
 609 00b3 06000000 		.4byte	.LASF16
 610 00b7 02       		.byte	0x2
 611 00b8 4D01     		.2byte	0x14d
 612 00ba BE000000 		.4byte	0xbe
 613 00be 06       		.uleb128 0x6
 614 00bf 81000000 		.4byte	0x81
 615 00c3 02       		.uleb128 0x2
 616 00c4 04       		.byte	0x4
 617 00c5 07       		.byte	0x7
 618 00c6 C7010000 		.4byte	.LASF17
 619 00ca 07       		.uleb128 0x7
 620 00cb 25000000 		.4byte	.LASF18
 621 00cf 01       		.byte	0x1
 622 00d0 28       		.byte	0x28
 623 00d1 00000000 		.4byte	.LFB2
 624 00d5 34000000 		.4byte	.LFE2-.LFB2
 625 00d9 01       		.uleb128 0x1
 626 00da 9C       		.byte	0x9c
 627 00db EE000000 		.4byte	0xee
 628 00df 08       		.uleb128 0x8
 629 00e0 F8000000 		.4byte	.LASF20
 630 00e4 01       		.byte	0x1
 631 00e5 2A       		.byte	0x2a
 632 00e6 6B000000 		.4byte	0x6b
 633 00ea 02       		.uleb128 0x2
 634 00eb 91       		.byte	0x91
 635 00ec 6F       		.sleb128 -17
 636 00ed 00       		.byte	0
 637 00ee 09       		.uleb128 0x9
 638 00ef 0D020000 		.4byte	.LASF21
 639 00f3 01       		.byte	0x1
 640 00f4 4E       		.byte	0x4e
 641 00f5 00000000 		.4byte	.LFB3
 642 00f9 08000000 		.4byte	.LFE3-.LFB3
 643 00fd 01       		.uleb128 0x1
 644 00fe 9C       		.byte	0x9c
 645 00ff 07       		.uleb128 0x7
 646 0100 57000000 		.4byte	.LASF19
 647 0104 01       		.byte	0x1
 648 0105 A0       		.byte	0xa0
 649 0106 00000000 		.4byte	.LFB4
 650 010a 6C000000 		.4byte	.LFE4-.LFB4
ARM GAS  C:\Users\Chris\AppData\Local\Temp\ccDJKdE2.s 			page 20


 651 010e 01       		.uleb128 0x1
 652 010f 9C       		.byte	0x9c
 653 0110 23010000 		.4byte	0x123
 654 0114 08       		.uleb128 0x8
 655 0115 F8000000 		.4byte	.LASF20
 656 0119 01       		.byte	0x1
 657 011a A2       		.byte	0xa2
 658 011b 6B000000 		.4byte	0x6b
 659 011f 02       		.uleb128 0x2
 660 0120 91       		.byte	0x91
 661 0121 6F       		.sleb128 -17
 662 0122 00       		.byte	0
 663 0123 0A       		.uleb128 0xa
 664 0124 1F010000 		.4byte	.LASF22
 665 0128 01       		.byte	0x1
 666 0129 DD       		.byte	0xdd
 667 012a 00000000 		.4byte	.LFB5
 668 012e 3C000000 		.4byte	.LFE5-.LFB5
 669 0132 01       		.uleb128 0x1
 670 0133 9C       		.byte	0x9c
 671 0134 0B       		.uleb128 0xb
 672 0135 0C000000 		.4byte	.LASF23
 673 0139 01       		.byte	0x1
 674 013a 1001     		.2byte	0x110
 675 013c 00000000 		.4byte	.LFB6
 676 0140 4C000000 		.4byte	.LFE6-.LFB6
 677 0144 01       		.uleb128 0x1
 678 0145 9C       		.byte	0x9c
 679 0146 69010000 		.4byte	0x169
 680 014a 0C       		.uleb128 0xc
 681 014b A8010000 		.4byte	.LASF29
 682 014f 01       		.byte	0x1
 683 0150 1001     		.2byte	0x110
 684 0152 81000000 		.4byte	0x81
 685 0156 02       		.uleb128 0x2
 686 0157 91       		.byte	0x91
 687 0158 64       		.sleb128 -28
 688 0159 0D       		.uleb128 0xd
 689 015a F8000000 		.4byte	.LASF20
 690 015e 01       		.byte	0x1
 691 015f 1201     		.2byte	0x112
 692 0161 6B000000 		.4byte	0x6b
 693 0165 02       		.uleb128 0x2
 694 0166 91       		.byte	0x91
 695 0167 6F       		.sleb128 -17
 696 0168 00       		.byte	0
 697 0169 0E       		.uleb128 0xe
 698 016a B1010000 		.4byte	.LASF30
 699 016e 01       		.byte	0x1
 700 016f 3201     		.2byte	0x132
 701 0171 81000000 		.4byte	0x81
 702 0175 00000000 		.4byte	.LFB7
 703 0179 40000000 		.4byte	.LFE7-.LFB7
 704 017d 01       		.uleb128 0x1
 705 017e 9C       		.byte	0x9c
 706 017f 93010000 		.4byte	0x193
 707 0183 0D       		.uleb128 0xd
ARM GAS  C:\Users\Chris\AppData\Local\Temp\ccDJKdE2.s 			page 21


 708 0184 A1010000 		.4byte	.LASF24
 709 0188 01       		.byte	0x1
 710 0189 3401     		.2byte	0x134
 711 018b 81000000 		.4byte	0x81
 712 018f 02       		.uleb128 0x2
 713 0190 91       		.byte	0x91
 714 0191 74       		.sleb128 -12
 715 0192 00       		.byte	0
 716 0193 0B       		.uleb128 0xb
 717 0194 33020000 		.4byte	.LASF25
 718 0198 01       		.byte	0x1
 719 0199 6101     		.2byte	0x161
 720 019b 00000000 		.4byte	.LFB8
 721 019f 58000000 		.4byte	.LFE8-.LFB8
 722 01a3 01       		.uleb128 0x1
 723 01a4 9C       		.byte	0x9c
 724 01a5 B9010000 		.4byte	0x1b9
 725 01a9 0D       		.uleb128 0xd
 726 01aa F8000000 		.4byte	.LASF20
 727 01ae 01       		.byte	0x1
 728 01af 6301     		.2byte	0x163
 729 01b1 6B000000 		.4byte	0x6b
 730 01b5 02       		.uleb128 0x2
 731 01b6 91       		.byte	0x91
 732 01b7 6F       		.sleb128 -17
 733 01b8 00       		.byte	0
 734 01b9 0F       		.uleb128 0xf
 735 01ba 32000000 		.4byte	.LASF31
 736 01be 01       		.byte	0x1
 737 01bf 9101     		.2byte	0x191
 738 01c1 00000000 		.4byte	.LFB9
 739 01c5 50000000 		.4byte	.LFE9-.LFB9
 740 01c9 01       		.uleb128 0x1
 741 01ca 9C       		.byte	0x9c
 742 01cb 0D       		.uleb128 0xd
 743 01cc F8000000 		.4byte	.LASF20
 744 01d0 01       		.byte	0x1
 745 01d1 9301     		.2byte	0x193
 746 01d3 6B000000 		.4byte	0x6b
 747 01d7 02       		.uleb128 0x2
 748 01d8 91       		.byte	0x91
 749 01d9 6F       		.sleb128 -17
 750 01da 00       		.byte	0
 751 01db 00       		.byte	0
 752              		.section	.debug_abbrev,"",%progbits
 753              	.Ldebug_abbrev0:
 754 0000 01       		.uleb128 0x1
 755 0001 11       		.uleb128 0x11
 756 0002 01       		.byte	0x1
 757 0003 25       		.uleb128 0x25
 758 0004 0E       		.uleb128 0xe
 759 0005 13       		.uleb128 0x13
 760 0006 0B       		.uleb128 0xb
 761 0007 03       		.uleb128 0x3
 762 0008 0E       		.uleb128 0xe
 763 0009 1B       		.uleb128 0x1b
 764 000a 0E       		.uleb128 0xe
ARM GAS  C:\Users\Chris\AppData\Local\Temp\ccDJKdE2.s 			page 22


 765 000b 55       		.uleb128 0x55
 766 000c 17       		.uleb128 0x17
 767 000d 11       		.uleb128 0x11
 768 000e 01       		.uleb128 0x1
 769 000f 10       		.uleb128 0x10
 770 0010 17       		.uleb128 0x17
 771 0011 00       		.byte	0
 772 0012 00       		.byte	0
 773 0013 02       		.uleb128 0x2
 774 0014 24       		.uleb128 0x24
 775 0015 00       		.byte	0
 776 0016 0B       		.uleb128 0xb
 777 0017 0B       		.uleb128 0xb
 778 0018 3E       		.uleb128 0x3e
 779 0019 0B       		.uleb128 0xb
 780 001a 03       		.uleb128 0x3
 781 001b 0E       		.uleb128 0xe
 782 001c 00       		.byte	0
 783 001d 00       		.byte	0
 784 001e 03       		.uleb128 0x3
 785 001f 24       		.uleb128 0x24
 786 0020 00       		.byte	0
 787 0021 0B       		.uleb128 0xb
 788 0022 0B       		.uleb128 0xb
 789 0023 3E       		.uleb128 0x3e
 790 0024 0B       		.uleb128 0xb
 791 0025 03       		.uleb128 0x3
 792 0026 08       		.uleb128 0x8
 793 0027 00       		.byte	0
 794 0028 00       		.byte	0
 795 0029 04       		.uleb128 0x4
 796 002a 16       		.uleb128 0x16
 797 002b 00       		.byte	0
 798 002c 03       		.uleb128 0x3
 799 002d 0E       		.uleb128 0xe
 800 002e 3A       		.uleb128 0x3a
 801 002f 0B       		.uleb128 0xb
 802 0030 3B       		.uleb128 0x3b
 803 0031 0B       		.uleb128 0xb
 804 0032 49       		.uleb128 0x49
 805 0033 13       		.uleb128 0x13
 806 0034 00       		.byte	0
 807 0035 00       		.byte	0
 808 0036 05       		.uleb128 0x5
 809 0037 16       		.uleb128 0x16
 810 0038 00       		.byte	0
 811 0039 03       		.uleb128 0x3
 812 003a 0E       		.uleb128 0xe
 813 003b 3A       		.uleb128 0x3a
 814 003c 0B       		.uleb128 0xb
 815 003d 3B       		.uleb128 0x3b
 816 003e 05       		.uleb128 0x5
 817 003f 49       		.uleb128 0x49
 818 0040 13       		.uleb128 0x13
 819 0041 00       		.byte	0
 820 0042 00       		.byte	0
 821 0043 06       		.uleb128 0x6
ARM GAS  C:\Users\Chris\AppData\Local\Temp\ccDJKdE2.s 			page 23


 822 0044 35       		.uleb128 0x35
 823 0045 00       		.byte	0
 824 0046 49       		.uleb128 0x49
 825 0047 13       		.uleb128 0x13
 826 0048 00       		.byte	0
 827 0049 00       		.byte	0
 828 004a 07       		.uleb128 0x7
 829 004b 2E       		.uleb128 0x2e
 830 004c 01       		.byte	0x1
 831 004d 3F       		.uleb128 0x3f
 832 004e 19       		.uleb128 0x19
 833 004f 03       		.uleb128 0x3
 834 0050 0E       		.uleb128 0xe
 835 0051 3A       		.uleb128 0x3a
 836 0052 0B       		.uleb128 0xb
 837 0053 3B       		.uleb128 0x3b
 838 0054 0B       		.uleb128 0xb
 839 0055 27       		.uleb128 0x27
 840 0056 19       		.uleb128 0x19
 841 0057 11       		.uleb128 0x11
 842 0058 01       		.uleb128 0x1
 843 0059 12       		.uleb128 0x12
 844 005a 06       		.uleb128 0x6
 845 005b 40       		.uleb128 0x40
 846 005c 18       		.uleb128 0x18
 847 005d 9642     		.uleb128 0x2116
 848 005f 19       		.uleb128 0x19
 849 0060 01       		.uleb128 0x1
 850 0061 13       		.uleb128 0x13
 851 0062 00       		.byte	0
 852 0063 00       		.byte	0
 853 0064 08       		.uleb128 0x8
 854 0065 34       		.uleb128 0x34
 855 0066 00       		.byte	0
 856 0067 03       		.uleb128 0x3
 857 0068 0E       		.uleb128 0xe
 858 0069 3A       		.uleb128 0x3a
 859 006a 0B       		.uleb128 0xb
 860 006b 3B       		.uleb128 0x3b
 861 006c 0B       		.uleb128 0xb
 862 006d 49       		.uleb128 0x49
 863 006e 13       		.uleb128 0x13
 864 006f 02       		.uleb128 0x2
 865 0070 18       		.uleb128 0x18
 866 0071 00       		.byte	0
 867 0072 00       		.byte	0
 868 0073 09       		.uleb128 0x9
 869 0074 2E       		.uleb128 0x2e
 870 0075 00       		.byte	0
 871 0076 3F       		.uleb128 0x3f
 872 0077 19       		.uleb128 0x19
 873 0078 03       		.uleb128 0x3
 874 0079 0E       		.uleb128 0xe
 875 007a 3A       		.uleb128 0x3a
 876 007b 0B       		.uleb128 0xb
 877 007c 3B       		.uleb128 0x3b
 878 007d 0B       		.uleb128 0xb
ARM GAS  C:\Users\Chris\AppData\Local\Temp\ccDJKdE2.s 			page 24


 879 007e 27       		.uleb128 0x27
 880 007f 19       		.uleb128 0x19
 881 0080 11       		.uleb128 0x11
 882 0081 01       		.uleb128 0x1
 883 0082 12       		.uleb128 0x12
 884 0083 06       		.uleb128 0x6
 885 0084 40       		.uleb128 0x40
 886 0085 18       		.uleb128 0x18
 887 0086 9742     		.uleb128 0x2117
 888 0088 19       		.uleb128 0x19
 889 0089 00       		.byte	0
 890 008a 00       		.byte	0
 891 008b 0A       		.uleb128 0xa
 892 008c 2E       		.uleb128 0x2e
 893 008d 00       		.byte	0
 894 008e 3F       		.uleb128 0x3f
 895 008f 19       		.uleb128 0x19
 896 0090 03       		.uleb128 0x3
 897 0091 0E       		.uleb128 0xe
 898 0092 3A       		.uleb128 0x3a
 899 0093 0B       		.uleb128 0xb
 900 0094 3B       		.uleb128 0x3b
 901 0095 0B       		.uleb128 0xb
 902 0096 27       		.uleb128 0x27
 903 0097 19       		.uleb128 0x19
 904 0098 11       		.uleb128 0x11
 905 0099 01       		.uleb128 0x1
 906 009a 12       		.uleb128 0x12
 907 009b 06       		.uleb128 0x6
 908 009c 40       		.uleb128 0x40
 909 009d 18       		.uleb128 0x18
 910 009e 9642     		.uleb128 0x2116
 911 00a0 19       		.uleb128 0x19
 912 00a1 00       		.byte	0
 913 00a2 00       		.byte	0
 914 00a3 0B       		.uleb128 0xb
 915 00a4 2E       		.uleb128 0x2e
 916 00a5 01       		.byte	0x1
 917 00a6 3F       		.uleb128 0x3f
 918 00a7 19       		.uleb128 0x19
 919 00a8 03       		.uleb128 0x3
 920 00a9 0E       		.uleb128 0xe
 921 00aa 3A       		.uleb128 0x3a
 922 00ab 0B       		.uleb128 0xb
 923 00ac 3B       		.uleb128 0x3b
 924 00ad 05       		.uleb128 0x5
 925 00ae 27       		.uleb128 0x27
 926 00af 19       		.uleb128 0x19
 927 00b0 11       		.uleb128 0x11
 928 00b1 01       		.uleb128 0x1
 929 00b2 12       		.uleb128 0x12
 930 00b3 06       		.uleb128 0x6
 931 00b4 40       		.uleb128 0x40
 932 00b5 18       		.uleb128 0x18
 933 00b6 9642     		.uleb128 0x2116
 934 00b8 19       		.uleb128 0x19
 935 00b9 01       		.uleb128 0x1
ARM GAS  C:\Users\Chris\AppData\Local\Temp\ccDJKdE2.s 			page 25


 936 00ba 13       		.uleb128 0x13
 937 00bb 00       		.byte	0
 938 00bc 00       		.byte	0
 939 00bd 0C       		.uleb128 0xc
 940 00be 05       		.uleb128 0x5
 941 00bf 00       		.byte	0
 942 00c0 03       		.uleb128 0x3
 943 00c1 0E       		.uleb128 0xe
 944 00c2 3A       		.uleb128 0x3a
 945 00c3 0B       		.uleb128 0xb
 946 00c4 3B       		.uleb128 0x3b
 947 00c5 05       		.uleb128 0x5
 948 00c6 49       		.uleb128 0x49
 949 00c7 13       		.uleb128 0x13
 950 00c8 02       		.uleb128 0x2
 951 00c9 18       		.uleb128 0x18
 952 00ca 00       		.byte	0
 953 00cb 00       		.byte	0
 954 00cc 0D       		.uleb128 0xd
 955 00cd 34       		.uleb128 0x34
 956 00ce 00       		.byte	0
 957 00cf 03       		.uleb128 0x3
 958 00d0 0E       		.uleb128 0xe
 959 00d1 3A       		.uleb128 0x3a
 960 00d2 0B       		.uleb128 0xb
 961 00d3 3B       		.uleb128 0x3b
 962 00d4 05       		.uleb128 0x5
 963 00d5 49       		.uleb128 0x49
 964 00d6 13       		.uleb128 0x13
 965 00d7 02       		.uleb128 0x2
 966 00d8 18       		.uleb128 0x18
 967 00d9 00       		.byte	0
 968 00da 00       		.byte	0
 969 00db 0E       		.uleb128 0xe
 970 00dc 2E       		.uleb128 0x2e
 971 00dd 01       		.byte	0x1
 972 00de 3F       		.uleb128 0x3f
 973 00df 19       		.uleb128 0x19
 974 00e0 03       		.uleb128 0x3
 975 00e1 0E       		.uleb128 0xe
 976 00e2 3A       		.uleb128 0x3a
 977 00e3 0B       		.uleb128 0xb
 978 00e4 3B       		.uleb128 0x3b
 979 00e5 05       		.uleb128 0x5
 980 00e6 27       		.uleb128 0x27
 981 00e7 19       		.uleb128 0x19
 982 00e8 49       		.uleb128 0x49
 983 00e9 13       		.uleb128 0x13
 984 00ea 11       		.uleb128 0x11
 985 00eb 01       		.uleb128 0x1
 986 00ec 12       		.uleb128 0x12
 987 00ed 06       		.uleb128 0x6
 988 00ee 40       		.uleb128 0x40
 989 00ef 18       		.uleb128 0x18
 990 00f0 9742     		.uleb128 0x2117
 991 00f2 19       		.uleb128 0x19
 992 00f3 01       		.uleb128 0x1
ARM GAS  C:\Users\Chris\AppData\Local\Temp\ccDJKdE2.s 			page 26


 993 00f4 13       		.uleb128 0x13
 994 00f5 00       		.byte	0
 995 00f6 00       		.byte	0
 996 00f7 0F       		.uleb128 0xf
 997 00f8 2E       		.uleb128 0x2e
 998 00f9 01       		.byte	0x1
 999 00fa 3F       		.uleb128 0x3f
 1000 00fb 19       		.uleb128 0x19
 1001 00fc 03       		.uleb128 0x3
 1002 00fd 0E       		.uleb128 0xe
 1003 00fe 3A       		.uleb128 0x3a
 1004 00ff 0B       		.uleb128 0xb
 1005 0100 3B       		.uleb128 0x3b
 1006 0101 05       		.uleb128 0x5
 1007 0102 27       		.uleb128 0x27
 1008 0103 19       		.uleb128 0x19
 1009 0104 11       		.uleb128 0x11
 1010 0105 01       		.uleb128 0x1
 1011 0106 12       		.uleb128 0x12
 1012 0107 06       		.uleb128 0x6
 1013 0108 40       		.uleb128 0x40
 1014 0109 18       		.uleb128 0x18
 1015 010a 9642     		.uleb128 0x2116
 1016 010c 19       		.uleb128 0x19
 1017 010d 00       		.byte	0
 1018 010e 00       		.byte	0
 1019 010f 00       		.byte	0
 1020              		.section	.debug_aranges,"",%progbits
 1021 0000 54000000 		.4byte	0x54
 1022 0004 0200     		.2byte	0x2
 1023 0006 00000000 		.4byte	.Ldebug_info0
 1024 000a 04       		.byte	0x4
 1025 000b 00       		.byte	0
 1026 000c 0000     		.2byte	0
 1027 000e 0000     		.2byte	0
 1028 0010 00000000 		.4byte	.LFB2
 1029 0014 34000000 		.4byte	.LFE2-.LFB2
 1030 0018 00000000 		.4byte	.LFB3
 1031 001c 08000000 		.4byte	.LFE3-.LFB3
 1032 0020 00000000 		.4byte	.LFB4
 1033 0024 6C000000 		.4byte	.LFE4-.LFB4
 1034 0028 00000000 		.4byte	.LFB5
 1035 002c 3C000000 		.4byte	.LFE5-.LFB5
 1036 0030 00000000 		.4byte	.LFB6
 1037 0034 4C000000 		.4byte	.LFE6-.LFB6
 1038 0038 00000000 		.4byte	.LFB7
 1039 003c 40000000 		.4byte	.LFE7-.LFB7
 1040 0040 00000000 		.4byte	.LFB8
 1041 0044 58000000 		.4byte	.LFE8-.LFB8
 1042 0048 00000000 		.4byte	.LFB9
 1043 004c 50000000 		.4byte	.LFE9-.LFB9
 1044 0050 00000000 		.4byte	0
 1045 0054 00000000 		.4byte	0
 1046              		.section	.debug_ranges,"",%progbits
 1047              	.Ldebug_ranges0:
 1048 0000 00000000 		.4byte	.LFB2
 1049 0004 34000000 		.4byte	.LFE2
ARM GAS  C:\Users\Chris\AppData\Local\Temp\ccDJKdE2.s 			page 27


 1050 0008 00000000 		.4byte	.LFB3
 1051 000c 08000000 		.4byte	.LFE3
 1052 0010 00000000 		.4byte	.LFB4
 1053 0014 6C000000 		.4byte	.LFE4
 1054 0018 00000000 		.4byte	.LFB5
 1055 001c 3C000000 		.4byte	.LFE5
 1056 0020 00000000 		.4byte	.LFB6
 1057 0024 4C000000 		.4byte	.LFE6
 1058 0028 00000000 		.4byte	.LFB7
 1059 002c 40000000 		.4byte	.LFE7
 1060 0030 00000000 		.4byte	.LFB8
 1061 0034 58000000 		.4byte	.LFE8
 1062 0038 00000000 		.4byte	.LFB9
 1063 003c 50000000 		.4byte	.LFE9
 1064 0040 00000000 		.4byte	0
 1065 0044 00000000 		.4byte	0
 1066              		.section	.debug_line,"",%progbits
 1067              	.Ldebug_line0:
 1068 0000 19010000 		.section	.debug_str,"MS",%progbits,1
 1068      02004300 
 1068      00000201 
 1068      FB0E0D00 
 1068      01010101 
 1069              	.LASF15:
 1070 0000 72656731 		.ascii	"reg16\000"
 1070      3600
 1071              	.LASF16:
 1072 0006 72656733 		.ascii	"reg32\000"
 1072      3200
 1073              	.LASF23:
 1074 000c 43795379 		.ascii	"CySysPmSetWakeupPolarity\000"
 1074      73506D53 
 1074      65745761 
 1074      6B657570 
 1074      506F6C61 
 1075              	.LASF18:
 1076 0025 43795379 		.ascii	"CySysPmSleep\000"
 1076      73506D53 
 1076      6C656570 
 1076      00
 1077              	.LASF31:
 1078 0032 43795379 		.ascii	"CySysPmUnfreezeIo\000"
 1078      73506D55 
 1078      6E667265 
 1078      657A6549 
 1078      6F00
 1079              	.LASF3:
 1080 0044 73686F72 		.ascii	"short unsigned int\000"
 1080      7420756E 
 1080      7369676E 
 1080      65642069 
 1080      6E7400
 1081              	.LASF19:
 1082 0057 43795379 		.ascii	"CySysPmHibernate\000"
 1082      73506D48 
 1082      69626572 
 1082      6E617465 
ARM GAS  C:\Users\Chris\AppData\Local\Temp\ccDJKdE2.s 			page 28


 1082      00
 1083              	.LASF12:
 1084 0068 666C6F61 		.ascii	"float\000"
 1084      7400
 1085              	.LASF26:
 1086 006e 474E5520 		.ascii	"GNU C 4.8.4 20140526 (release) [ARM/embedded-4_8-br"
 1086      4320342E 
 1086      382E3420 
 1086      32303134 
 1086      30353236 
 1087 00a1 616E6368 		.ascii	"anch revision 211358] -mcpu=cortex-m0 -mthumb -g -O"
 1087      20726576 
 1087      6973696F 
 1087      6E203231 
 1087      31333538 
 1088 00d4 30202D66 		.ascii	"0 -ffunction-sections\000"
 1088      66756E63 
 1088      74696F6E 
 1088      2D736563 
 1088      74696F6E 
 1089              	.LASF1:
 1090 00ea 756E7369 		.ascii	"unsigned char\000"
 1090      676E6564 
 1090      20636861 
 1090      7200
 1091              	.LASF20:
 1092 00f8 696E7465 		.ascii	"interruptState\000"
 1092      72727570 
 1092      74537461 
 1092      746500
 1093              	.LASF5:
 1094 0107 6C6F6E67 		.ascii	"long unsigned int\000"
 1094      20756E73 
 1094      69676E65 
 1094      6420696E 
 1094      7400
 1095              	.LASF9:
 1096 0119 75696E74 		.ascii	"uint8\000"
 1096      3800
 1097              	.LASF22:
 1098 011f 43795379 		.ascii	"CySysPmStop\000"
 1098      73506D53 
 1098      746F7000 
 1099              	.LASF13:
 1100 012b 646F7562 		.ascii	"double\000"
 1100      6C6500
 1101              	.LASF28:
 1102 0132 433A5C55 		.ascii	"C:\\Users\\Chris\\Desktop\\ble lab4 additional 1\\B"
 1102      73657273 
 1102      5C436872 
 1102      69735C44 
 1102      65736B74 
 1103 0160 4C45204C 		.ascii	"LE Lab 4.cydsn\000"
 1103      61622034 
 1103      2E637964 
 1103      736E00
 1104              	.LASF10:
ARM GAS  C:\Users\Chris\AppData\Local\Temp\ccDJKdE2.s 			page 29


 1105 016f 75696E74 		.ascii	"uint16\000"
 1105      313600
 1106              	.LASF11:
 1107 0176 75696E74 		.ascii	"uint32\000"
 1107      333200
 1108              	.LASF8:
 1109 017d 756E7369 		.ascii	"unsigned int\000"
 1109      676E6564 
 1109      20696E74 
 1109      00
 1110              	.LASF7:
 1111 018a 6C6F6E67 		.ascii	"long long unsigned int\000"
 1111      206C6F6E 
 1111      6720756E 
 1111      7369676E 
 1111      65642069 
 1112              	.LASF24:
 1113 01a1 72656173 		.ascii	"reason\000"
 1113      6F6E00
 1114              	.LASF29:
 1115 01a8 706F6C61 		.ascii	"polarity\000"
 1115      72697479 
 1115      00
 1116              	.LASF30:
 1117 01b1 43795379 		.ascii	"CySysPmGetResetReason\000"
 1117      73506D47 
 1117      65745265 
 1117      73657452 
 1117      6561736F 
 1118              	.LASF17:
 1119 01c7 73697A65 		.ascii	"sizetype\000"
 1119      74797065 
 1119      00
 1120              	.LASF6:
 1121 01d0 6C6F6E67 		.ascii	"long long int\000"
 1121      206C6F6E 
 1121      6720696E 
 1121      7400
 1122              	.LASF14:
 1123 01de 63686172 		.ascii	"char\000"
 1123      00
 1124              	.LASF27:
 1125 01e3 2E5C4765 		.ascii	".\\Generated_Source\\PSoC4\\cyPm.c\000"
 1125      6E657261 
 1125      7465645F 
 1125      536F7572 
 1125      63655C50 
 1126              	.LASF2:
 1127 0203 73686F72 		.ascii	"short int\000"
 1127      7420696E 
 1127      7400
 1128              	.LASF21:
 1129 020d 43795379 		.ascii	"CySysPmDeepSleep\000"
 1129      73506D44 
 1129      65657053 
 1129      6C656570 
 1129      00
ARM GAS  C:\Users\Chris\AppData\Local\Temp\ccDJKdE2.s 			page 30


 1130              	.LASF4:
 1131 021e 6C6F6E67 		.ascii	"long int\000"
 1131      20696E74 
 1131      00
 1132              	.LASF0:
 1133 0227 7369676E 		.ascii	"signed char\000"
 1133      65642063 
 1133      68617200 
 1134              	.LASF25:
 1135 0233 43795379 		.ascii	"CySysPmFreezeIo\000"
 1135      73506D46 
 1135      7265657A 
 1135      65496F00 
 1136              		.ident	"GCC: (GNU Tools for ARM Embedded Processors) 4.8.4 20140526 (release) [ARM/embedded-4_8-br
